Component: ARM Compiler 5.06 update 4 (build 422) Tool: armlink [4d35d2]

==============================================================================

Section Cross References

    startup_stm32f40_41xxx.o(RESET) refers to startup_stm32f40_41xxx.o(STACK) for __initial_sp
    startup_stm32f40_41xxx.o(RESET) refers to startup_stm32f40_41xxx.o(.text) for Reset_Handler
    startup_stm32f40_41xxx.o(RESET) refers to stm32f4xx_it.o(.text) for NMI_Handler
    startup_stm32f40_41xxx.o(RESET) refers to port.o(.emb_text) for SVC_Handler
    startup_stm32f40_41xxx.o(RESET) refers to delay.o(.text) for SysTick_Handler
    startup_stm32f40_41xxx.o(.text) refers to system_stm32f4xx.o(.text) for SystemInit
    startup_stm32f40_41xxx.o(.text) refers to entry.o(.ARM.Collect$$$$00000000) for __main
    stm32f4xx_adc.o(.text) refers to stm32f4xx_rcc.o(.text) for RCC_APB2PeriphResetCmd
    stm32f4xx_gpio.o(.text) refers to stm32f4xx_rcc.o(.text) for RCC_AHB1PeriphResetCmd
    stm32f4xx_i2c.o(.text) refers to stm32f4xx_rcc.o(.text) for RCC_APB1PeriphResetCmd
    stm32f4xx_rcc.o(.text) refers to stm32f4xx_rcc.o(.data) for .data
    stm32f4xx_sdio.o(.text) refers to stm32f4xx_rcc.o(.text) for RCC_APB2PeriphResetCmd
    stm32f4xx_spi.o(.text) refers to stm32f4xx_rcc.o(.text) for RCC_APB1PeriphResetCmd
    stm32f4xx_syscfg.o(.text) refers to stm32f4xx_rcc.o(.text) for RCC_APB2PeriphResetCmd
    stm32f4xx_tim.o(.text) refers to stm32f4xx_rcc.o(.text) for RCC_APB2PeriphResetCmd
    stm32f4xx_usart.o(.text) refers to stm32f4xx_rcc.o(.text) for RCC_APB2PeriphResetCmd
    stm32f4xx_wwdg.o(.text) refers to stm32f4xx_rcc.o(.text) for RCC_APB1PeriphResetCmd
    event_groups.o(.text) refers to heap_4.o(.text) for pvPortMalloc
    event_groups.o(.text) refers to list.o(.text) for vListInitialise
    event_groups.o(.text) refers to printf6.o(i.__0printf$6) for __2printf
    event_groups.o(.text) refers to tasks.o(.text) for vTaskSuspendAll
    event_groups.o(.text) refers to port.o(.text) for vPortEnterCritical
    event_groups.o(.text) refers to timers.o(.text) for xTimerPendFunctionCallFromISR
    queue.o(.text) refers to printf6.o(i.__0printf$6) for __2printf
    queue.o(.text) refers to port.o(.text) for vPortEnterCritical
    queue.o(.text) refers to list.o(.text) for vListInitialise
    queue.o(.text) refers to tasks.o(.text) for xTaskRemoveFromEventList
    queue.o(.text) refers to heap_4.o(.text) for pvPortMalloc
    queue.o(.text) refers to memcpya.o(.text) for __aeabi_memcpy
    queue.o(.text) refers to queue.o(.bss) for .bss
    tasks.o(.text) refers to port.o(.text) for vPortEnterCritical
    tasks.o(.text) refers to list.o(.text) for vListInitialise
    tasks.o(.text) refers to heap_4.o(.text) for pvPortMalloc
    tasks.o(.text) refers to printf6.o(i.__0printf$6) for __2printf
    tasks.o(.text) refers to tasks.o(.data) for .data
    tasks.o(.text) refers to tasks.o(.bss) for .bss
    tasks.o(.text) refers to timers.o(.text) for xTimerCreateTimerTask
    tasks.o(.text) refers to strcpy.o(.text) for strcpy
    tasks.o(.text) refers to strlen.o(.text) for strlen
    tasks.o(.text) refers to printf6.o(i.__0sprintf$6) for __2sprintf
    tasks.o(.text) refers to memseta.o(.text) for __aeabi_memset
    timers.o(.text) refers to list.o(.text) for vListInsert
    timers.o(.text) refers to printf6.o(i.__0printf$6) for __2printf
    timers.o(.text) refers to tasks.o(.text) for xTaskGetSchedulerState
    timers.o(.text) refers to queue.o(.text) for xQueueGenericSend
    timers.o(.text) refers to heap_4.o(.text) for vPortFree
    timers.o(.text) refers to port.o(.text) for vPortEnterCritical
    timers.o(.text) refers to timers.o(.data) for .data
    timers.o(.text) refers to timers.o(.bss) for .bss
    main.o(.text) refers to misc.o(.text) for NVIC_PriorityGroupConfig
    main.o(.text) refers to delay.o(.text) for delay_init
    main.o(.text) refers to init.o(.text) for GPIO_Configuration
    main.o(.text) refers to tasks.o(.text) for xTaskCreate
    main.o(.text) refers to rtos.o(.data) for StartTask_Handler
    main.o(.text) refers to rtos.o(.text) for start_task
    stm32f4xx_it.o(.text) refers to usart.o(.text) for usart3_SendStr
    stm32f4xx_it.o(.text) refers to delay.o(.text) for delay_ms
    stm32f4xx_it.o(.text) refers to ec20_usart.o(.text) for usart1_irq
    stm32f4xx_it.o(.text) refers to time.o(.text) for tim3_irq
    system_stm32f4xx.o(.text) refers to system_stm32f4xx.o(.data) for .data
    usart.o(.text) refers to _scanf_int.o(.text) for _scanf_int
    usart.o(.text) refers to stm32f4xx_rcc.o(.text) for RCC_AHB1PeriphClockCmd
    usart.o(.text) refers to stm32f4xx_gpio.o(.text) for GPIO_PinAFConfig
    usart.o(.text) refers to stm32f4xx_usart.o(.text) for USART_Init
    usart.o(.text) refers to misc.o(.text) for NVIC_Init
    usart.o(.text) refers to strlen.o(.text) for strlen
    usart.o(.text) refers to memseta.o(.text) for __aeabi_memclr4
    usart.o(.text) refers to strncpy.o(.text) for strncpy
[...]
    .text                                    0x08001108   Section        0  stm32f4xx_tim.o(.text)
    TI2_Config                               0x08001753   Thumb Code    54  stm32f4xx_tim.o(.text)
    TI1_Config                               0x08001ab7   Thumb Code    46  stm32f4xx_tim.o(.text)
    .text                                    0x08001ae4   Section        0  stm32f4xx_usart.o(.text)
    .text                                    0x08001e3c   Section        0  list.o(.text)
    .text                                    0x08001ec4   Section        0  queue.o(.text)
    prvCopyDataToQueue                       0x08001f97   Thumb Code   106  queue.o(.text)
    prvNotifyQueueSetContainer               0x08002001   Thumb Code   108  queue.o(.text)
    prvUnlockQueue                           0x0800206d   Thumb Code   120  queue.o(.text)
    prvCopyDataFromQueue                     0x080022d5   Thumb Code    38  queue.o(.text)
    prvIsQueueEmpty                          0x08002959   Thumb Code    26  queue.o(.text)
    .text                                    0x0800297c   Section        0  tasks.o(.text)
    prvAddNewTaskToReadyList                 0x0800297d   Thumb Code   192  tasks.o(.text)
    prvAddCurrentTaskToDelayedList           0x08002c9d   Thumb Code   102  tasks.o(.text)
    prvTaskIsTaskSuspended                   0x08003055   Thumb Code    48  tasks.o(.text)
    prvIdleTask                              0x08003177   Thumb Code    30  tasks.o(.text)
    prvListTasksWithinSingleList             0x080032eb   Thumb Code    84  tasks.o(.text)
    prvInitialiseNewTask                     0x08003b93   Thumb Code   152  tasks.o(.text)
    prvResetNextTaskUnblockTime              0x08003c2b   Thumb Code    26  tasks.o(.text)
    prvDeleteTCB                             0x08003c45   Thumb Code    20  tasks.o(.text)
    prvCheckTasksWaitingTermination          0x08003c59   Thumb Code    76  tasks.o(.text)
    .text                                    0x08003ce0   Section        0  timers.o(.text)
    prvInsertTimerInActiveList               0x08003ce1   Thumb Code    52  timers.o(.text)
    prvProcessReceivedCommands               0x08003d77   Thumb Code   198  timers.o(.text)
    prvTimerTask                             0x08003e3d   Thumb Code    34  timers.o(.text)
    prvCheckForValidListAndQueue             0x08003e5f   Thumb Code    62  timers.o(.text)
    prvSampleTimeNow                         0x08004041   Thumb Code    36  timers.o(.text)
    prvProcessTimerOrBlockTask               0x08004065   Thumb Code   236  timers.o(.text)
    prvSwitchTimerLists                      0x08004151   Thumb Code   102  timers.o(.text)
    prvProcessExpiredTimer                   0x080041b7   Thumb Code    88  timers.o(.text)
    .text                                    0x08004214   Section        0  main.o(.text)
    .text                                    0x08004264   Section        0  stm32f4xx_it.o(.text)
    .text                                    0x080042a8   Section        0  system_stm32f4xx.o(.text)
    SetSysClock                              0x080042a9   Thumb Code   162  system_stm32f4xx.o(.text)
    .text                                    0x08004424   Section        0  usart.o(.text)
    .text                                    0x08004a88   Section        0  ec20.o(.text)
    .text                                    0x080052ec   Section        0  rtos.o(.text)
    .text                                    0x08005384   Section        0  init.o(.text)
    .text                                    0x080055a4   Section        0  ec20_usart.o(.text)
    .text                                    0x0800589c   Section        0  time.o(.text)
    .text                                    0x08005948   Section        0  idle_task.o(.text)
    .text                                    0x08005abc   Section        0  delay.o(.text)
    .text                                    0x08005b80   Section        0  port.o(.text)
    prvTaskExitError                         0x08005b81   Thumb Code    36  port.o(.text)
    .text                                    0x08005dec   Section        0  heap_4.o(.text)
    prvInsertBlockIntoFreeList               0x08005ded   Thumb Code    72  heap_4.o(.text)
    prvHeapInit                              0x08005f7d   Thumb Code    66  heap_4.o(.text)
    .text                                    0x0800600c   Section        0  memcpya.o(.text)
    .text                                    0x08006030   Section        0  memseta.o(.text)
    .text                                    0x08006054   Section        0  strstr.o(.text)
    .text                                    0x08006078   Section        0  strncpy.o(.text)
    .text                                    0x08006090   Section        0  strlen.o(.text)
    .text                                    0x0800609e   Section        0  strcmp.o(.text)
    .text                                    0x080060ba   Section        0  strcpy.o(.text)
    .text                                    0x080060cc   Section        0  __0scanf.o(.text)
    .text                                    0x080060ec   Section        0  __0sscanf.o(.text)
    .text                                    0x08006124   Section        0  _scanf_int.o(.text)
    .text                                    0x08006270   Section        0  uidiv.o(.text)
    .text                                    0x0800629c   Section        0  _chval.o(.text)
    .text                                    0x080062b8   Section        0  scanf_char.o(.text)
    _scanf_char_input                        0x080062b9   Thumb Code    12  scanf_char.o(.text)
    .text                                    0x080062e0   Section        0  _sgetc.o(.text)
    .text                                    0x08006320   Section        0  scanf_char_file.o(.text)
    .text                                    0x08006334   Section       36  init.o(.text)
    .text                                    0x08006358   Section        0  isspace_c.o(.text)
    .text                                    0x08006364   Section        0  _scanf.o(.text)
    .text                                    0x08006690   Section        0  ctype_c.o(.text)
    i.__0printf$6                            0x080066b8   Section        0  printf6.o(i.__0printf$6)
    i.__0sprintf$6                           0x080066d8   Section        0  printf6.o(i.__0sprintf$6)
    i.__scatterload_copy                     0x08006700   Section       14  handlers.o(i.__scatterload_copy)
    i.__scatterload_null                     0x0800670e   Section        2  handlers.o(i.__scatterload_null)
    i.__scatterload_zeroinit                 0x08006710   Section       14  handlers.o(i.__scatterload_zeroinit)
    i._printf_core                           0x08006720   Section        0  printf6.o(i._printf_core)
    _printf_core                             0x08006721   Thumb Code   748  printf6.o(i._printf_core)
    i._printf_post_padding                   0x08006a10   Section        0  printf6.o(i._printf_post_padding)
    _printf_post_padding                     0x08006a11   Thumb Code    36  printf6.o(i._printf_post_padding)
    i._printf_pre_padding                    0x08006a34   Section        0  printf6.o(i._printf_pre_padding)
    _printf_pre_padding                      0x08006a35   Thumb Code    46  printf6.o(i._printf_pre_padding)
    i._sputc                                 0x08006a62   Section        0  printf6.o(i._sputc)
    _sputc                                   0x08006a63   Thumb Code    10  printf6.o(i._sputc)
    .constdata                               0x08006a6c   Section      144  ec20.o(.constdata)
    .constdata                               0x08006afc   Section       64  ctype_c.o(.constdata)
    .data                                    0x20000000   Section       16  stm32f4xx_rcc.o(.data)
    APBAHBPrescTable                         0x20000000   Data          16  stm32f4xx_rcc.o(.data)
    .data                                    0x20000010   Section       60  tasks.o(.data)
    uxDeletedTasksWaitingCleanUp             0x20000014   Data           4  tasks.o(.data)
    uxCurrentNumberOfTasks                   0x20000018   Data           4  tasks.o(.data)
    xTickCount                               0x2000001c   Data           4  tasks.o(.data)
    uxTopReadyPriority                       0x20000020   Data           4  tasks.o(.data)
    xSchedulerRunning                        0x20000024   Data           4  tasks.o(.data)
    uxPendedTicks                            0x20000028   Data           4  tasks.o(.data)
    xYieldPending                            0x2000002c   Data           4  tasks.o(.data)
    xNumOfOverflows                          0x20000030   Data           4  tasks.o(.data)
    uxTaskNumber                             0x20000034   Data           4  tasks.o(.data)
    xNextTaskUnblockTime                     0x20000038   Data           4  tasks.o(.data)
    xIdleTaskHandle                          0x2000003c   Data           4  tasks.o(.data)
    uxSchedulerSuspended                     0x20000040   Data           4  tasks.o(.data)
    pxDelayedTaskList                        0x20000044   Data           4  tasks.o(.data)
    pxOverflowDelayedTaskList                0x20000048   Data           4  tasks.o(.data)
    .data                                    0x2000004c   Section       20  timers.o(.data)
    xTimerQueue                              0x2000004c   Data           4  timers.o(.data)
    xTimerTaskHandle                         0x20000050   Data           4  timers.o(.data)
    xLastTime                                0x20000054   Data           4  timers.o(.data)
    pxCurrentTimerList                       0x20000058   Data           4  timers.o(.data)
    pxOverflowTimerList                      0x2000005c   Data           4  timers.o(.data)
    .data                                    0x20000060   Section       20  system_stm32f4xx.o(.data)
    .data                                    0x20000074   Section       20  ec20.o(.data)
    .data                                    0x20000088   Section       16  rtos.o(.data)
    .data                                    0x20000098   Section       12  ec20_usart.o(.data)
    .data                                    0x200000a4   Section        4  ec20_usart.o(.data)
    .data                                    0x200000a8   Section       20  time.o(.data)
    .data                                    0x200000bc   Section       12  idle_task.o(.data)
    .data                                    0x200000c8   Section        4  delay.o(.data)
    fac_us                                   0x200000c8   Data           1  delay.o(.data)
    fac_ms                                   0x200000ca   Data           2  delay.o(.data)
    .data                                    0x200000cc   Section       12  port.o(.data)
    ucMaxSysCallPriority                     0x200000cc   Data           1  port.o(.data)
    uxCriticalNesting                        0x200000d0   Data           4  port.o(.data)
    ulMaxPRIGROUPValue                       0x200000d4   Data           4  port.o(.data)
    .data                                    0x200000d8   Section       24  heap_4.o(.data)
    pxEnd                                    0x200000d8   Data           4  heap_4.o(.data)
    xFreeBytesRemaining                      0x200000dc   Data           4  heap_4.o(.data)
    xMinimumEverFreeBytesRemaining           0x200000e0   Data           4  heap_4.o(.data)
    xBlockAllocatedBit                       0x200000e4   Data           4  heap_4.o(.data)
    xStart                                   0x200000e8   Data           8  heap_4.o(.data)
    .data                                    0x200000f0   Section        4  stdin.o(.data)
    .bss                                     0x200000f4   Section       64  queue.o(.bss)
    .bss                                     0x20000134   Section      740  tasks.o(.bss)
    pxReadyTasksLists                        0x20000134   Data         640  tasks.o(.bss)
    xDelayedTaskList1                        0x200003b4   Data          20  tasks.o(.bss)
    xDelayedTaskList2                        0x200003c8   Data          20  tasks.o(.bss)
    xPendingReadyList                        0x200003dc   Data          20  tasks.o(.bss)
    xTasksWaitingTermination                 0x200003f0   Data          20  tasks.o(.bss)
    xSuspendedTaskList                       0x20000404   Data          20  tasks.o(.bss)
    .bss                                     0x20000418   Section       40  timers.o(.bss)
    xActiveTimerList1                        0x20000418   Data          20  timers.o(.bss)
    xActiveTimerList2                        0x2000042c   Data          20  timers.o(.bss)
    .bss                                     0x20000440   Section    32252  usart.o(.bss)
    .bss                                     0x2000823c   Section      524  usart.o(.bss)
    .bss                                     0x20008448   Section      120  ec20.o(.bss)
    .bss                                     0x200084c0   Section      256  ec20_usart.o(.bss)
    .bss                                     0x200085c0   Section    20480  heap_4.o(.bss)
    ucHeap                                   0x200085c0   Data       20480  heap_4.o(.bss)
    STACK                                    0x2000d5c0   Section     1024  startup_stm32f40_41xxx.o(STACK)

    Global Symbols

    Symbol Name                              Value     Ov Type        Size  Object(Section)

    BuildAttributes$$THM_ISAv4$E$P$D$K$B$S$7EM$VFPi3$EXTD16$VFPS$VFMA$PE$A:L22UL41UL21$X:L11$S22US41US21$IEEE1$IW$USESV6$~STKCKD$USESV7$~SHL$OSPACE$ROPI$EBA8$MICROLIB$REQ8$PRES8$EABIv2 0x00000000   Number         0  anon$$obj.o ABSOLUTE
    __ARM_use_no_argv                        0x00000000   Number         0  main.o ABSOLUTE
    __use_no_errno                           0x00000000   Number         0  useno.o ABSOLUTE
    __use_no_exception_handling              0x00000000   Number         0  useno.o ABSOLUTE
    __use_no_fp                              0x00000000   Number         0  useno.o ABSOLUTE
    __use_no_heap                            0x00000000   Number         0  useno.o ABSOLUTE
    __use_no_heap_region                     0x00000000   Number         0  useno.o ABSOLUTE
    __use_no_semihosting                     0x00000000   Number         0  useno.o ABSOLUTE
    __use_no_semihosting_swi                 0x00000000   Number         0  useno.o ABSOLUTE
    __use_no_signal_handling                 0x00000000   Number         0  useno.o ABSOLUTE
    _printf_a                                0x00000000   Number         0  stubs.o ABSOLUTE
    _printf_c                                0x00000000   Number         0  stubs.o ABSOLUTE
    _printf_charcount                        0x00000000   Number         0  stubs.o ABSOLUTE
    _printf_d                                0x00000000   Number         0  stubs.o ABSOLUTE
    _printf_e                                0x00000000   Number         0  stubs.o ABSOLUTE
    _printf_f                                0x00000000   Number         0  stubs.o ABSOLUTE
    _printf_flags                            0x00000000   Number         0  stubs.o ABSOLUTE
    _printf_fp_dec                           0x00000000   Number         0  stubs.o ABSOLUTE
    _printf_fp_hex                           0x00000000   Number         0  stubs.o ABSOLUTE
    _printf_g                                0x00000000   Number         0  stubs.o ABSOLUTE
    _printf_i                                0x00000000   Number         0  stubs.o ABSOLUTE
    _printf_int_dec                          0x00000000   Number         0  stubs.o ABSOLUTE
    _printf_l                                0x00000000   Number         0  stubs.o ABSOLUTE
    _printf_lc                               0x00000000   Number         0  stubs.o ABSOLUTE
    _printf_ll                               0x00000000   Number         0  stubs.o ABSOLUTE
    _printf_lld                              0x00000000   Number         0  stubs.o ABSOLUTE
    _printf_lli                              0x00000000   Number         0  stubs.o ABSOLUTE
    _printf_llo                              0x00000000   Number         0  stubs.o ABSOLUTE
    _printf_llu                              0x00000000   Number         0  stubs.o ABSOLUTE
    _printf_llx                              0x00000000   Number         0  stubs.o ABSOLUTE
    _printf_longlong_dec                     0x00000000   Number         0  stubs.o ABSOLUTE
    _printf_longlong_hex                     0x00000000   Number         0  stubs.o ABSOLUTE
    _printf_longlong_oct                     0x00000000   Number         0  stubs.o ABSOLUTE
    _printf_ls                               0x00000000   Number         0  stubs.o ABSOLUTE
    _printf_mbtowc                           0x00000000   Number         0  stubs.o ABSOLUTE
    _printf_n                                0x00000000   Number         0  stubs.o ABSOLUTE
    _printf_o                                0x00000000   Number         0  stubs.o ABSOLUTE
    _printf_p                                0x00000000   Number         0  stubs.o ABSOLUTE
    _printf_percent                          0x00000000   Number         0  stubs.o ABSOLUTE
    _printf_pre_padding                      0x00000000   Number         0  stubs.o ABSOLUTE
    _printf_return_value                     0x00000000   Number         0  stubs.o ABSOLUTE
    _printf_s                                0x00000000   Number         0  stubs.o ABSOLUTE
    _printf_sizespec                         0x00000000   Number         0  stubs.o ABSOLUTE
    _printf_str                              0x00000000   Number         0  stubs.o ABSOLUTE
    _printf_truncate_signed                  0x00000000   Number         0  stubs.o ABSOLUTE
    _printf_truncate_unsigned                0x00000000   Number         0  stubs.o ABSOLUTE
    _printf_u                                0x00000000   Number         0  stubs.o ABSOLUTE
    _printf_wc                               0x00000000   Number         0  stubs.o ABSOLUTE
    _printf_wctomb                           0x00000000   Number         0  stubs.o ABSOLUTE
    _printf_widthprec                        0x00000000   Number         0  stubs.o ABSOLUTE
    _printf_x                                0x00000000   Number         0  stubs.o ABSOLUTE
    __cpp_initialize__aeabi_                  - Undefined Weak Reference
    __cxa_finalize                            - Undefined Weak Reference
    __decompress                              - Undefined Weak Reference
    _clock_init                               - Undefined Weak Reference
    _microlib_exit                            - Undefined Weak Reference
    _scanf_longlong                           - Undefined Weak Reference
    _scanf_real                               - Undefined Weak Reference
    _scanf_string                             - Undefined Weak Reference
    __Vectors_Size                           0x00000188   Number         0  startup_stm32f40_41xxx.o ABSOLUTE
    __Vectors                                0x08000000   Data           4  startup_stm32f40_41xxx.o(RESET)
    __Vectors_End                            0x08000188   Data           0  startup_stm32f40_41xxx.o(RESET)
    __main                                   0x08000189   Thumb Code     0  entry.o(.ARM.Collect$$$$00000000)
    _main_stk                                0x08000189   Thumb Code     0  entry2.o(.ARM.Collect$$$$00000001)
    _main_scatterload                        0x0800018d   Thumb Code     0  entry5.o(.ARM.Collect$$$$00000004)
    __main_after_scatterload                 0x08000191   Thumb Code     0  entry5.o(.ARM.Collect$$$$00000004)
    _main_clock                              0x08000191   Thumb Code     0  entry7b.o(.ARM.Collect$$$$00000008)
    _main_cpp_init                           0x08000191   Thumb Code     0  entry8b.o(.ARM.Collect$$$$0000000A)
    _main_init                               0x08000191   Thumb Code     0  entry9a.o(.ARM.Collect$$$$0000000B)
    __rt_final_cpp                           0x08000199   Thumb Code     0  entry10a.o(.ARM.Collect$$$$0000000D)
    __rt_final_exit                          0x08000199   Thumb Code     0  entry11a.o(.ARM.Collect$$$$0000000F)
    SVC_Handler                              0x0800019d   Thumb Code    28  port.o(.emb_text)
    __asm___6_port_c_39a90d8d__prvStartFirstTask 0x080001bd   Thumb Code    28  port.o(.emb_text)
    __asm___6_port_c_39a90d8d__prvEnableVFP  0x080001dd   Thumb Code    16  port.o(.emb_text)
    PendSV_Handler                           0x080001f1   Thumb Code    88  port.o(.emb_text)
    vPortGetIPSR                             0x0800024d   Thumb Code     6  port.o(.emb_text)
    Reset_Handler                            0x08000255   Thumb Code     8  startup_stm32f40_41xxx.o(.text)
    ADC_IRQHandler                           0x0800026f   Thumb Code     0  startup_stm32f40_41xxx.o(.text)
    CAN1_RX0_IRQHandler                      0x0800026f   Thumb Code     0  startup_stm32f40_41xxx.o(.text)
    CAN1_RX1_IRQHandler                      0x0800026f   Thumb Code     0  startup_stm32f40_41xxx.o(.text)
    CAN1_SCE_IRQHandler                      0x0800026f   Thumb Code     0  startup_stm32f40_41xxx.o(.text)
    CAN1_TX_IRQHandler                       0x0800026f   Thumb Code     0  startup_stm32f40_41xxx.o(.text)
    CAN2_RX0_IRQHandler                      0x0800026f   Thumb Code     0  startup_stm32f40_41xxx.o(.text)
    CAN2_RX1_IRQHandler                      0x0800026f   Thumb Code     0  startup_stm32f40_41xxx.o(.text)
    CAN2_SCE_IRQHandler                      0x0800026f   Thumb Code     0  startup_stm32f40_41xxx.o(.text)
    CAN2_TX_IRQHandler                       0x0800026f   Thumb Code     0  startup_stm32f40_41xxx.o(.text)
    CRYP_IRQHandler                          0x0800026f   Thumb Code     0  startup_stm32f40_41xxx.o(.text)
    DCMI_IRQHandler                          0x0800026f   Thumb Code     0  startup_stm32f40_41xxx.o(.text)
    DMA1_Stream0_IRQHandler                  0x0800026f   Thumb Code     0  startup_stm32f40_41xxx.o(.text)
    DMA1_Stream1_IRQHandler                  0x0800026f   Thumb Code     0  startup_stm32f40_41xxx.o(.text)
    DMA1_Stream3_IRQHandler                  0x0800026f   Thumb Code     0  startup_stm32f40_41xxx.o(.text)
    DMA1_Stream4_IRQHandler                  0x0800026f   Thumb Code     0  startup_stm32f40_41xxx.o(.text)
    DMA1_Stream5_IRQHandler                  0x0800026f   Thumb Code     0  startup_stm32f40_41xxx.o(.text)
    DMA1_Stream6_IRQHandler                  0x0800026f   Thumb Code     0  startup_stm32f40_41xxx.o(.text)
    DMA1_Stream7_IRQHandler                  0x0800026f   Thumb Code     0  startup_stm32f40_41xxx.o(.text)
    DMA2_Stream0_IRQHandler                  0x0800026f   Thumb Code     0  startup_stm32f40_41xxx.o(.text)
    DMA2_Stream2_IRQHandler                  0x0800026f   Thumb Code     0  startup_stm32f40_41xxx.o(.text)
    DMA2_Stream3_IRQHandler                  0x0800026f   Thumb Code     0  startup_stm32f40_41xxx.o(.text)
    DMA2_Stream4_IRQHandler                  0x0800026f   Thumb Code     0  startup_stm32f40_41xxx.o(.text)
    DMA2_Stream5_IRQHandler                  0x0800026f   Thumb Code     0  startup_stm32f40_41xxx.o(.text)
    DMA2_Stream6_IRQHandler                  0x0800026f   Thumb Code     0  startup_stm32f40_41xxx.o(.text)
    DMA2_Stream7_IRQHandler                  0x0800026f   Thumb Code     0  startup_stm32f40_41xxx.o(.text)
    ETH_IRQHandler                           0x0800026f   Thumb Code     0  startup_stm32f40_41xxx.o(.text)
    ETH_WKUP_IRQHandler                      0x0800026f   Thumb Code     0  startup_stm32f40_41xxx.o(.text)
    EXTI0_IRQHandler                         0x0800026f   Thumb Code     0  startup_stm32f40_41xxx.o(.text)
    EXTI15_10_IRQHandler                     0x0800026f   Thumb Code     0  startup_stm32f40_41xxx.o(.text)
    EXTI1_IRQHandler                         0x0800026f   Thumb Code     0  startup_stm32f40_41xxx.o(.text)
    EXTI2_IRQHandler                         0x0800026f   Thumb Code     0  startup_stm32f40_41xxx.o(.text)
    EXTI3_IRQHandler                         0x0800026f   Thumb Code     0  startup_stm32f40_41xxx.o(.text)
    EXTI4_IRQHandler                         0x0800026f   Thumb Code     0  startup_stm32f40_41xxx.o(.text)
    EXTI9_5_IRQHandler                       0x0800026f   Thumb Code     0  startup_stm32f40_41xxx.o(.text)
    FLASH_IRQHandler                         0x0800026f   Thumb Code     0  startup_stm32f40_41xxx.o(.text)
    FPU_IRQHandler                           0x0800026f   Thumb Code     0  startup_stm32f40_41xxx.o(.text)
    FSMC_IRQHandler                          0x0800026f   Thumb Code     0  startup_stm32f40_41xxx.o(.text)
    HASH_RNG_IRQHandler                      0x0800026f   Thumb Code     0  startup_stm32f40_41xxx.o(.text)
    I2C1_ER_IRQHandler                       0x0800026f   Thumb Code     0  startup_stm32f40_41xxx.o(.text)
    I2C1_EV_IRQHandler                       0x0800026f   Thumb Code     0  startup_stm32f40_41xxx.o(.text)
    I2C2_ER_IRQHandler                       0x0800026f   Thumb Code     0  startup_stm32f40_41xxx.o(.text)
    I2C2_EV_IRQHandler                       0x0800026f   Thumb Code     0  startup_stm32f40_41xxx.o(.text)
    I2C3_ER_IRQHandler                       0x0800026f   Thumb Code     0  startup_stm32f40_41xxx.o(.text)
    I2C3_EV_IRQHandler                       0x0800026f   Thumb Code     0  startup_stm32f40_41xxx.o(.text)
    OTG_FS_IRQHandler                        0x0800026f   Thumb Code     0  startup_stm32f40_41xxx.o(.text)
    OTG_FS_WKUP_IRQHandler                   0x0800026f   Thumb Code     0  startup_stm32f40_41xxx.o(.text)
    OTG_HS_EP1_IN_IRQHandler                 0x0800026f   Thumb Code     0  startup_stm32f40_41xxx.o(.text)
    OTG_HS_EP1_OUT_IRQHandler                0x0800026f   Thumb Code     0  startup_stm32f40_41xxx.o(.text)
    OTG_HS_IRQHandler                        0x0800026f   Thumb Code     0  startup_stm32f40_41xxx.o(.text)
    OTG_HS_WKUP_IRQHandler                   0x0800026f   Thumb Code     0  startup_stm32f40_41xxx.o(.text)
    PVD_IRQHandler                           0x0800026f   Thumb Code     0  startup_stm32f40_41xxx.o(.text)
    RCC_IRQHandler                           0x0800026f   Thumb Code     0  startup_stm32f40_41xxx.o(.text)
    RTC_Alarm_IRQHandler                     0x0800026f   Thumb Code     0  startup_stm32f40_41xxx.o(.text)
    RTC_WKUP_IRQHandler                      0x0800026f   Thumb Code     0  startup_stm32f40_41xxx.o(.text)
    SDIO_IRQHandler                          0x0800026f   Thumb Code     0  startup_stm32f40_41xxx.o(.text)
    SPI1_IRQHandler                          0x0800026f   Thumb Code     0  startup_stm32f40_41xxx.o(.text)
    SPI2_IRQHandler                          0x0800026f   Thumb Code     0  startup_stm32f40_41xxx.o(.text)
    SPI3_IRQHandler                          0x0800026f   Thumb Code     0  startup_stm32f40_41xxx.o(.text)
    TAMP_STAMP_IRQHandler                    0x0800026f   Thumb Code     0  startup_stm32f40_41xxx.o(.text)
    TIM1_BRK_TIM9_IRQHandler                 0x0800026f   Thumb Code     0  startup_stm32f40_41xxx.o(.text)
    TIM1_CC_IRQHandler                       0x0800026f   Thumb Code     0  startup_stm32f40_41xxx.o(.text)
    TIM1_TRG_COM_TIM11_IRQHandler            0x0800026f   Thumb Code     0  startup_stm32f40_41xxx.o(.text)
    TIM1_UP_TIM10_IRQHandler                 0x0800026f   Thumb Code     0  startup_stm32f40_41xxx.o(.text)
    TIM2_IRQHandler                          0x0800026f   Thumb Code     0  startup_stm32f40_41xxx.o(.text)
    TIM4_IRQHandler                          0x0800026f   Thumb Code     0  startup_stm32f40_41xxx.o(.text)
    TIM5_IRQHandler                          0x0800026f   Thumb Code     0  startup_stm32f40_41xxx.o(.text)
    TIM6_DAC_IRQHandler                      0x0800026f   Thumb Code     0  startup_stm32f40_41xxx.o(.text)
    TIM7_IRQHandler                          0x0800026f   Thumb Code     0  startup_stm32f40_41xxx.o(.text)
    TIM8_BRK_TIM12_IRQHandler                0x0800026f   Thumb Code     0  startup_stm32f40_41xxx.o(.text)
    TIM8_CC_IRQHandler                       0x0800026f   Thumb Code     0  startup_stm32f40_41xxx.o(.text)
    TIM8_TRG_COM_TIM14_IRQHandler            0x0800026f   Thumb Code     0  startup_stm32f40_41xxx.o(.text)
    TIM8_UP_TIM13_IRQHandler                 0x0800026f   Thumb Code     0  startup_stm32f40_41xxx.o(.text)
    UART5_IRQHandler                         0x0800026f   Thumb Code     0  startup_stm32f40_41xxx.o(.text)
    USART2_IRQHandler                        0x0800026f   Thumb Code     0  startup_stm32f40_41xxx.o(.text)
    WWDG_IRQHandler                          0x0800026f   Thumb Code     0  startup_stm32f40_41xxx.o(.text)
    NVIC_PriorityGroupConfig                 0x08000279   Thumb Code    10  misc.o(.text)
    NVIC_Init                                0x08000283   Thumb Code    96  misc.o(.text)
    NVIC_SetVectorTable                      0x080002e3   Thumb Code    14  misc.o(.text)
    NVIC_SystemLPConfig                      0x080002f1   Thumb Code    20  misc.o(.text)
    SysTick_CLKSourceConfig                  0x08000305   Thumb Code    24  misc.o(.text)
    ADC_DeInit                               0x08000329   Thumb Code    24  stm32f4xx_adc.o(.text)
    ADC_Init                                 0x08000341   Thumb Code    66  stm32f4xx_adc.o(.text)
    ADC_StructInit                           0x08000383   Thumb Code    20  stm32f4xx_adc.o(.text)
    ADC_CommonInit                           0x08000397   Thumb Code    34  stm32f4xx_adc.o(.text)
    ADC_CommonStructInit                     0x080003b9   Thumb Code    12  stm32f4xx_adc.o(.text)
    ADC_Cmd                                  0x080003c5   Thumb Code    20  stm32f4xx_adc.o(.text)
    ADC_AnalogWatchdogCmd                    0x080003d9   Thumb Code    12  stm32f4xx_adc.o(.text)
    ADC_AnalogWatchdogThresholdsConfig       0x080003e5   Thumb Code     6  stm32f4xx_adc.o(.text)
    ADC_AnalogWatchdogSingleChannelConfig    0x080003eb   Thumb Code    12  stm32f4xx_adc.o(.text)
    ADC_TempSensorVrefintCmd                 0x080003f7   Thumb Code    26  stm32f4xx_adc.o(.text)
    ADC_VBATCmd                              0x08000411   Thumb Code    26  stm32f4xx_adc.o(.text)
    ADC_RegularChannelConfig                 0x0800042b   Thumb Code   116  stm32f4xx_adc.o(.text)
    ADC_SoftwareStartConv                    0x0800049f   Thumb Code    10  stm32f4xx_adc.o(.text)
    ADC_GetSoftwareStartConvStatus           0x080004a9   Thumb Code    14  stm32f4xx_adc.o(.text)
    ADC_EOCOnEachRegularChannelCmd           0x080004b7   Thumb Code    20  stm32f4xx_adc.o(.text)
    ADC_ContinuousModeCmd                    0x080004cb   Thumb Code    20  stm32f4xx_adc.o(.text)
    ADC_DiscModeChannelCountConfig           0x080004df   Thumb Code    16  stm32f4xx_adc.o(.text)
    ADC_DiscModeCmd                          0x080004ef   Thumb Code    20  stm32f4xx_adc.o(.text)
    ADC_GetConversionValue                   0x08000503   Thumb Code     6  stm32f4xx_adc.o(.text)
    ADC_GetMultiModeConversionValue          0x08000509   Thumb Code     8  stm32f4xx_adc.o(.text)
    ADC_DMACmd                               0x08000511   Thumb Code    20  stm32f4xx_adc.o(.text)
    ADC_DMARequestAfterLastTransferCmd       0x08000525   Thumb Code    20  stm32f4xx_adc.o(.text)
    ADC_MultiModeDMARequestAfterLastTransferCmd 0x08000539   Thumb Code    26  stm32f4xx_adc.o(.text)
    ADC_InjectedChannelConfig                0x08000553   Thumb Code    74  stm32f4xx_adc.o(.text)
    ADC_InjectedSequencerLengthConfig        0x0800059d   Thumb Code    16  stm32f4xx_adc.o(.text)
    ADC_SetInjectedOffset                    0x080005ad   Thumb Code    10  stm32f4xx_adc.o(.text)
    ADC_ExternalTrigInjectedConvConfig       0x080005b7   Thumb Code    12  stm32f4xx_adc.o(.text)
    ADC_ExternalTrigInjectedConvEdgeConfig   0x080005c3   Thumb Code    12  stm32f4xx_adc.o(.text)
    ADC_SoftwareStartInjectedConv            0x080005cf   Thumb Code    10  stm32f4xx_adc.o(.text)
    ADC_GetSoftwareStartInjectedConvCmdStatus 0x080005d9   Thumb Code    14  stm32f4xx_adc.o(.text)
    ADC_AutoInjectedConvCmd                  0x080005e7   Thumb Code    20  stm32f4xx_adc.o(.text)
    ADC_InjectedDiscModeCmd                  0x080005fb   Thumb Code    20  stm32f4xx_adc.o(.text)
    ADC_GetInjectedConversionValue           0x0800060f   Thumb Code    14  stm32f4xx_adc.o(.text)
    ADC_ITConfig                             0x0800061d   Thumb Code    18  stm32f4xx_adc.o(.text)
    ADC_GetFlagStatus                        0x0800062f   Thumb Code    14  stm32f4xx_adc.o(.text)
    ADC_ClearFlag                            0x0800063d   Thumb Code     6  stm32f4xx_adc.o(.text)
    ADC_GetITStatus                          0x08000643   Thumb Code    30  stm32f4xx_adc.o(.text)
    ADC_ClearITPendingBit                    0x08000661   Thumb Code     8  stm32f4xx_adc.o(.text)
    DMA_DeInit                               0x0800067d   Thumb Code   272  stm32f4xx_dma.o(.text)
    DMA_Init                                 0x0800078d   Thumb Code    80  stm32f4xx_dma.o(.text)
    DMA_StructInit                           0x080007dd   Thumb Code    34  stm32f4xx_dma.o(.text)
    DMA_Cmd                                  0x080007ff   Thumb Code    20  stm32f4xx_dma.o(.text)
    DMA_PeriphIncOffsetSizeConfig            0x08000813   Thumb Code    20  stm32f4xx_dma.o(.text)
    DMA_FlowControllerConfig                 0x08000827   Thumb Code    20  stm32f4xx_dma.o(.text)
    DMA_SetCurrDataCounter                   0x0800083b   Thumb Code     4  stm32f4xx_dma.o(.text)
    DMA_GetCurrDataCounter                   0x0800083f   Thumb Code     6  stm32f4xx_dma.o(.text)
    DMA_DoubleBufferModeConfig               0x08000845   Thumb Code    22  stm32f4xx_dma.o(.text)
    DMA_DoubleBufferModeCmd                  0x0800085b   Thumb Code    20  stm32f4xx_dma.o(.text)
    DMA_MemoryTargetConfig                   0x0800086f   Thumb Code    10  stm32f4xx_dma.o(.text)
    DMA_GetCurrentMemoryTarget               0x08000879   Thumb Code    14  stm32f4xx_dma.o(.text)
    DMA_GetCmdStatus                         0x08000887   Thumb Code    14  stm32f4xx_dma.o(.text)
    DMA_GetFIFOStatus                        0x08000895   Thumb Code     8  stm32f4xx_dma.o(.text)
    DMA_GetFlagStatus                        0x0800089d   Thumb Code    42  stm32f4xx_dma.o(.text)
    DMA_ClearFlag                            0x080008c7   Thumb Code    34  stm32f4xx_dma.o(.text)
    DMA_ITConfig                             0x080008e9   Thumb Code    44  stm32f4xx_dma.o(.text)
    DMA_GetITStatus                          0x08000915   Thumb Code    70  stm32f4xx_dma.o(.text)
    DMA_ClearITPendingBit                    0x0800095b   Thumb Code    34  stm32f4xx_dma.o(.text)
    EXTI_DeInit                              0x0800099d   Thumb Code    28  stm32f4xx_exti.o(.text)
    EXTI_Init                                0x080009b9   Thumb Code   108  stm32f4xx_exti.o(.text)
    EXTI_StructInit                          0x08000a25   Thumb Code    14  stm32f4xx_exti.o(.text)
    EXTI_GenerateSWInterrupt                 0x08000a33   Thumb Code    12  stm32f4xx_exti.o(.text)
    EXTI_GetFlagStatus                       0x08000a3f   Thumb Code    18  stm32f4xx_exti.o(.text)
    EXTI_ClearFlag                           0x08000a51   Thumb Code     8  stm32f4xx_exti.o(.text)
    EXTI_GetITStatus                         0x08000a59   Thumb Code    18  stm32f4xx_exti.o(.text)
    EXTI_ClearITPendingBit                   0x08000a6b   Thumb Code     8  stm32f4xx_exti.o(.text)
    GPIO_DeInit                              0x08000a7d   Thumb Code   216  stm32f4xx_gpio.o(.text)
    GPIO_Init                                0x08000b55   Thumb Code   120  stm32f4xx_gpio.o(.text)
    GPIO_StructInit                          0x08000bcd   Thumb Code    18  stm32f4xx_gpio.o(.text)
    GPIO_PinLockConfig                       0x08000bdf   Thumb Code    24  stm32f4xx_gpio.o(.text)
    GPIO_ReadInputDataBit                    0x08000bf7   Thumb Code    14  stm32f4xx_gpio.o(.text)
    GPIO_ReadInputData                       0x08000c05   Thumb Code     6  stm32f4xx_gpio.o(.text)
    GPIO_ReadOutputDataBit                   0x08000c0b   Thumb Code    14  stm32f4xx_gpio.o(.text)
    GPIO_ReadOutputData                      0x08000c19   Thumb Code     6  stm32f4xx_gpio.o(.text)
    GPIO_SetBits                             0x08000c1f   Thumb Code     4  stm32f4xx_gpio.o(.text)
    GPIO_ResetBits                           0x08000c23   Thumb Code     4  stm32f4xx_gpio.o(.text)
    GPIO_WriteBit                            0x08000c27   Thumb Code    10  stm32f4xx_gpio.o(.text)
    GPIO_Write                               0x08000c31   Thumb Code     4  stm32f4xx_gpio.o(.text)
    GPIO_ToggleBits                          0x08000c35   Thumb Code     8  stm32f4xx_gpio.o(.text)
    GPIO_PinAFConfig                         0x08000c3d   Thumb Code    32  stm32f4xx_gpio.o(.text)
    RCC_DeInit                               0x08000c89   Thumb Code    68  stm32f4xx_rcc.o(.text)
    RCC_HSEConfig                            0x08000ccd   Thumb Code    12  stm32f4xx_rcc.o(.text)
    RCC_GetFlagStatus                        0x08000cd9   Thumb Code    46  stm32f4xx_rcc.o(.text)
    RCC_WaitForHSEStartUp                    0x08000d07   Thumb Code    44  stm32f4xx_rcc.o(.text)
    RCC_AdjustHSICalibrationValue            0x08000d33   Thumb Code    16  stm32f4xx_rcc.o(.text)
    RCC_HSICmd                               0x08000d43   Thumb Code     6  stm32f4xx_rcc.o(.text)
    RCC_LSEConfig                            0x08000d49   Thumb Code    24  stm32f4xx_rcc.o(.text)
    RCC_LSICmd                               0x08000d61   Thumb Code     6  stm32f4xx_rcc.o(.text)
    RCC_PLLConfig                            0x08000d67   Thumb Code    32  stm32f4xx_rcc.o(.text)
    RCC_PLLCmd                               0x08000d87   Thumb Code     6  stm32f4xx_rcc.o(.text)
    RCC_PLLI2SConfig                         0x08000d8d   Thumb Code    14  stm32f4xx_rcc.o(.text)
    RCC_PLLI2SCmd                            0x08000d9b   Thumb Code     6  stm32f4xx_rcc.o(.text)
    RCC_PLLSAIConfig                         0x08000da1   Thumb Code    18  stm32f4xx_rcc.o(.text)
    RCC_PLLSAICmd                            0x08000db3   Thumb Code     6  stm32f4xx_rcc.o(.text)
    RCC_ClockSecuritySystemCmd               0x08000db9   Thumb Code     6  stm32f4xx_rcc.o(.text)
    RCC_MCO1Config                           0x08000dbf   Thumb Code    18  stm32f4xx_rcc.o(.text)
    RCC_MCO2Config                           0x08000dd1   Thumb Code    18  stm32f4xx_rcc.o(.text)
    RCC_SYSCLKConfig                         0x08000de3   Thumb Code    16  stm32f4xx_rcc.o(.text)
    RCC_GetSYSCLKSource                      0x08000df3   Thumb Code    12  stm32f4xx_rcc.o(.text)
    RCC_HCLKConfig                           0x08000dff   Thumb Code    16  stm32f4xx_rcc.o(.text)
    RCC_PCLK1Config                          0x08000e0f   Thumb Code    16  stm32f4xx_rcc.o(.text)
    RCC_PCLK2Config                          0x08000e1f   Thumb Code    18  stm32f4xx_rcc.o(.text)
    RCC_GetClocksFreq                        0x08000e31   Thumb Code   134  stm32f4xx_rcc.o(.text)
    RCC_RTCCLKConfig                         0x08000eb7   Thumb Code    42  stm32f4xx_rcc.o(.text)
    RCC_RTCCLKCmd                            0x08000ee1   Thumb Code     8  stm32f4xx_rcc.o(.text)
    RCC_BackupResetCmd                       0x08000ee9   Thumb Code     8  stm32f4xx_rcc.o(.text)
    RCC_I2SCLKConfig                         0x08000ef1   Thumb Code     8  stm32f4xx_rcc.o(.text)
    RCC_SAIPLLI2SClkDivConfig                0x08000ef9   Thumb Code    18  stm32f4xx_rcc.o(.text)
    RCC_SAIPLLSAIClkDivConfig                0x08000f0b   Thumb Code    24  stm32f4xx_rcc.o(.text)
    RCC_SAIBlockACLKConfig                   0x08000f23   Thumb Code    16  stm32f4xx_rcc.o(.text)
    RCC_SAIBlockBCLKConfig                   0x08000f33   Thumb Code    16  stm32f4xx_rcc.o(.text)
    RCC_LTDCCLKDivConfig                     0x08000f43   Thumb Code    16  stm32f4xx_rcc.o(.text)
    RCC_TIMCLKPresConfig                     0x08000f53   Thumb Code     8  stm32f4xx_rcc.o(.text)
    RCC_AHB1PeriphClockCmd                   0x08000f5b   Thumb Code    20  stm32f4xx_rcc.o(.text)
    RCC_AHB2PeriphClockCmd                   0x08000f6f   Thumb Code    20  stm32f4xx_rcc.o(.text)
    RCC_AHB3PeriphClockCmd                   0x08000f83   Thumb Code    20  stm32f4xx_rcc.o(.text)
    RCC_APB1PeriphClockCmd                   0x08000f97   Thumb Code    20  stm32f4xx_rcc.o(.text)
    RCC_APB2PeriphClockCmd                   0x08000fab   Thumb Code    20  stm32f4xx_rcc.o(.text)
    RCC_AHB1PeriphResetCmd                   0x08000fbf   Thumb Code    20  stm32f4xx_rcc.o(.text)
    RCC_AHB2PeriphResetCmd                   0x08000fd3   Thumb Code    20  stm32f4xx_rcc.o(.text)
    RCC_AHB3PeriphResetCmd                   0x08000fe7   Thumb Code    20  stm32f4xx_rcc.o(.text)
    RCC_APB1PeriphResetCmd                   0x08000ffb   Thumb Code    20  stm32f4xx_rcc.o(.text)
    RCC_APB2PeriphResetCmd                   0x0800100f   Thumb Code    20  stm32f4xx_rcc.o(.text)
    RCC_AHB1PeriphClockLPModeCmd             0x08001023   Thumb Code    20  stm32f4xx_rcc.o(.text)
    RCC_AHB2PeriphClockLPModeCmd             0x08001037   Thumb Code    20  stm32f4xx_rcc.o(.text)
    RCC_AHB3PeriphClockLPModeCmd             0x0800104b   Thumb Code    20  stm32f4xx_rcc.o(.text)
    RCC_APB1PeriphClockLPModeCmd             0x0800105f   Thumb Code    64  stm32f4xx_rcc.o(.text)
    RCC_APB2PeriphClockLPModeCmd             0x0800109f   Thumb Code    18  stm32f4xx_rcc.o(.text)
    RCC_LSEModeConfig                        0x080010b1   Thumb Code    24  stm32f4xx_rcc.o(.text)
    RCC_ITConfig                             0x080010c9   Thumb Code    20  stm32f4xx_rcc.o(.text)
    RCC_ClearFlag                            0x080010dd   Thumb Code    14  stm32f4xx_rcc.o(.text)
    RCC_GetITStatus                          0x080010eb   Thumb Code    18  stm32f4xx_rcc.o(.text)
    RCC_ClearITPendingBit                    0x080010fd   Thumb Code     8  stm32f4xx_rcc.o(.text)
    TIM_DeInit                               0x08001109   Thumb Code   284  stm32f4xx_tim.o(.text)
    TIM_TimeBaseInit                         0x08001225   Thumb Code    96  stm32f4xx_tim.o(.text)
    TIM_TimeBaseStructInit                   0x08001285   Thumb Code    18  stm32f4xx_tim.o(.text)
    TIM_PrescalerConfig                      0x08001297   Thumb Code     6  stm32f4xx_tim.o(.text)
    TIM_CounterModeConfig                    0x0800129d   Thumb Code    12  stm32f4xx_tim.o(.text)
    TIM_SetCounter                           0x080012a9   Thumb Code     4  stm32f4xx_tim.o(.text)
    TIM_SetAutoreload                        0x080012ad   Thumb Code     4  stm32f4xx_tim.o(.text)
    TIM_GetCounter                           0x080012b1   Thumb Code     4  stm32f4xx_tim.o(.text)
    TIM_GetPrescaler                         0x080012b5   Thumb Code     4  stm32f4xx_tim.o(.text)
    TIM_UpdateDisableConfig                  0x080012b9   Thumb Code    20  stm32f4xx_tim.o(.text)
    TIM_UpdateRequestConfig                  0x080012cd   Thumb Code    20  stm32f4xx_tim.o(.text)
    TIM_ARRPreloadConfig                     0x080012e1   Thumb Code    20  stm32f4xx_tim.o(.text)
    TIM_SelectOnePulseMode                   0x080012f5   Thumb Code    16  stm32f4xx_tim.o(.text)
    TIM_SetClockDivision                     0x08001305   Thumb Code    16  stm32f4xx_tim.o(.text)
    TIM_Cmd                                  0x08001315   Thumb Code    20  stm32f4xx_tim.o(.text)
    TIM_OC1Init                              0x08001329   Thumb Code    88  stm32f4xx_tim.o(.text)
    TIM_OC2Init                              0x08001381   Thumb Code   120  stm32f4xx_tim.o(.text)
    TIM_OC3Init                              0x080013f9   Thumb Code   116  stm32f4xx_tim.o(.text)
    TIM_OC4Init                              0x0800146d   Thumb Code    88  stm32f4xx_tim.o(.text)
    TIM_OCStructInit                         0x080014c5   Thumb Code    20  stm32f4xx_tim.o(.text)
    TIM_SelectOCxM                           0x080014d9   Thumb Code   130  stm32f4xx_tim.o(.text)
    TIM_SetCompare1                          0x0800155b   Thumb Code     4  stm32f4xx_tim.o(.text)
    TIM_SetCompare2                          0x0800155f   Thumb Code     4  stm32f4xx_tim.o(.text)
    TIM_SetCompare3                          0x08001563   Thumb Code     4  stm32f4xx_tim.o(.text)
    TIM_SetCompare4                          0x08001567   Thumb Code     4  stm32f4xx_tim.o(.text)
    TIM_ForcedOC1Config                      0x0800156b   Thumb Code    12  stm32f4xx_tim.o(.text)
    TIM_ForcedOC2Config                      0x08001577   Thumb Code    20  stm32f4xx_tim.o(.text)
    TIM_ForcedOC3Config                      0x0800158b   Thumb Code    12  stm32f4xx_tim.o(.text)
    TIM_ForcedOC4Config                      0x08001597   Thumb Code    20  stm32f4xx_tim.o(.text)
    TIM_OC1PreloadConfig                     0x080015ab   Thumb Code    12  stm32f4xx_tim.o(.text)
    TIM_OC2PreloadConfig                     0x080015b7   Thumb Code    20  stm32f4xx_tim.o(.text)
    TIM_OC3PreloadConfig                     0x080015cb   Thumb Code    12  stm32f4xx_tim.o(.text)
    TIM_OC4PreloadConfig                     0x080015d7   Thumb Code    20  stm32f4xx_tim.o(.text)
    TIM_OC1FastConfig                        0x080015eb   Thumb Code    12  stm32f4xx_tim.o(.text)
    TIM_OC2FastConfig                        0x080015f7   Thumb Code    20  stm32f4xx_tim.o(.text)
    TIM_OC3FastConfig                        0x0800160b   Thumb Code    12  stm32f4xx_tim.o(.text)
    TIM_OC4FastConfig                        0x08001617   Thumb Code    20  stm32f4xx_tim.o(.text)
    TIM_ClearOC1Ref                          0x0800162b   Thumb Code    12  stm32f4xx_tim.o(.text)
    TIM_ClearOC2Ref                          0x08001637   Thumb Code    20  stm32f4xx_tim.o(.text)
    TIM_ClearOC3Ref                          0x0800164b   Thumb Code    12  stm32f4xx_tim.o(.text)
    TIM_ClearOC4Ref                          0x08001657   Thumb Code    20  stm32f4xx_tim.o(.text)
    TIM_OC1PolarityConfig                    0x0800166b   Thumb Code    12  stm32f4xx_tim.o(.text)
    TIM_OC1NPolarityConfig                   0x08001677   Thumb Code    12  stm32f4xx_tim.o(.text)
    TIM_OC2PolarityConfig                    0x08001683   Thumb Code    20  stm32f4xx_tim.o(.text)
    TIM_OC2NPolarityConfig                   0x08001697   Thumb Code    20  stm32f4xx_tim.o(.text)
    TIM_OC3PolarityConfig                    0x080016ab   Thumb Code    20  stm32f4xx_tim.o(.text)
    TIM_OC3NPolarityConfig                   0x080016bf   Thumb Code    20  stm32f4xx_tim.o(.text)
    TIM_OC4PolarityConfig                    0x080016d3   Thumb Code    20  stm32f4xx_tim.o(.text)
    TIM_CCxCmd                               0x080016e7   Thumb Code    22  stm32f4xx_tim.o(.text)
    TIM_CCxNCmd                              0x080016fd   Thumb Code    22  stm32f4xx_tim.o(.text)
    TIM_SetIC4Prescaler                      0x08001713   Thumb Code    24  stm32f4xx_tim.o(.text)
    TIM_SetIC3Prescaler                      0x0800172b   Thumb Code    16  stm32f4xx_tim.o(.text)
    TIM_SetIC2Prescaler                      0x0800173b   Thumb Code    24  stm32f4xx_tim.o(.text)
    TIM_SetIC1Prescaler                      0x08001789   Thumb Code    16  stm32f4xx_tim.o(.text)
    TIM_ICInit                               0x08001799   Thumb Code   164  stm32f4xx_tim.o(.text)
    TIM_ICStructInit                         0x0800183d   Thumb Code    16  stm32f4xx_tim.o(.text)
    TIM_PWMIConfig                           0x0800184d   Thumb Code   104  stm32f4xx_tim.o(.text)
    TIM_GetCapture1                          0x080018b5   Thumb Code     4  stm32f4xx_tim.o(.text)
    TIM_GetCapture2                          0x080018b9   Thumb Code     4  stm32f4xx_tim.o(.text)
    TIM_GetCapture3                          0x080018bd   Thumb Code     4  stm32f4xx_tim.o(.text)
    TIM_GetCapture4                          0x080018c1   Thumb Code     4  stm32f4xx_tim.o(.text)
    TIM_BDTRConfig                           0x080018c5   Thumb Code    34  stm32f4xx_tim.o(.text)
    TIM_BDTRStructInit                       0x080018e7   Thumb Code    18  stm32f4xx_tim.o(.text)
    TIM_CtrlPWMOutputs                       0x080018f9   Thumb Code    22  stm32f4xx_tim.o(.text)
    TIM_SelectCOM                            0x0800190f   Thumb Code    20  stm32f4xx_tim.o(.text)
    TIM_CCPreloadControl                     0x08001923   Thumb Code    20  stm32f4xx_tim.o(.text)
    TIM_ITConfig                             0x08001937   Thumb Code    16  stm32f4xx_tim.o(.text)
    TIM_GenerateEvent                        0x08001947   Thumb Code     4  stm32f4xx_tim.o(.text)
    TIM_GetFlagStatus                        0x0800194b   Thumb Code    14  stm32f4xx_tim.o(.text)
    TIM_ClearFlag                            0x08001959   Thumb Code     6  stm32f4xx_tim.o(.text)
    TIM_GetITStatus                          0x0800195f   Thumb Code    24  stm32f4xx_tim.o(.text)
    TIM_ClearITPendingBit                    0x08001977   Thumb Code     6  stm32f4xx_tim.o(.text)
    TIM_DMAConfig                            0x0800197d   Thumb Code     8  stm32f4xx_tim.o(.text)
    TIM_DMACmd                               0x08001985   Thumb Code    16  stm32f4xx_tim.o(.text)
    TIM_SelectCCDMA                          0x08001995   Thumb Code    20  stm32f4xx_tim.o(.text)
    TIM_InternalClockConfig                  0x080019a9   Thumb Code    10  stm32f4xx_tim.o(.text)
    TIM_SelectInputTrigger                   0x080019b3   Thumb Code    12  stm32f4xx_tim.o(.text)
    TIM_ITRxExternalClockConfig              0x080019bf   Thumb Code    18  stm32f4xx_tim.o(.text)
    TIM_TIxExternalClockConfig               0x080019d1   Thumb Code    46  stm32f4xx_tim.o(.text)
    TIM_ETRConfig                            0x080019ff   Thumb Code    24  stm32f4xx_tim.o(.text)
    TIM_ETRClockMode1Config                  0x08001a17   Thumb Code    18  stm32f4xx_tim.o(.text)
    TIM_ETRClockMode2Config                  0x08001a29   Thumb Code    18  stm32f4xx_tim.o(.text)
    TIM_SelectOutputTrigger                  0x08001a3b   Thumb Code    16  stm32f4xx_tim.o(.text)
    TIM_SelectSlaveMode                      0x08001a4b   Thumb Code    16  stm32f4xx_tim.o(.text)
    TIM_SelectMasterSlaveMode                0x08001a5b   Thumb Code    16  stm32f4xx_tim.o(.text)
    TIM_EncoderInterfaceConfig               0x08001a6b   Thumb Code    50  stm32f4xx_tim.o(.text)
    TIM_SelectHallSensor                     0x08001a9d   Thumb Code    20  stm32f4xx_tim.o(.text)
    TIM_RemapConfig                          0x08001ab1   Thumb Code     6  stm32f4xx_tim.o(.text)
    USART_DeInit                             0x08001ae5   Thumb Code   138  stm32f4xx_usart.o(.text)
    USART_Init                               0x08001b6f   Thumb Code   164  stm32f4xx_usart.o(.text)
    USART_StructInit                         0x08001c13   Thumb Code    22  stm32f4xx_usart.o(.text)
    USART_ClockInit                          0x08001c29   Thumb Code    28  stm32f4xx_usart.o(.text)
    USART_ClockStructInit                    0x08001c45   Thumb Code    12  stm32f4xx_usart.o(.text)
    USART_Cmd                                0x08001c51   Thumb Code    20  stm32f4xx_usart.o(.text)
    USART_SetPrescaler                       0x08001c65   Thumb Code    16  stm32f4xx_usart.o(.text)
    USART_OverSampling8Cmd                   0x08001c75   Thumb Code    20  stm32f4xx_usart.o(.text)
    USART_OneBitMethodCmd                    0x08001c89   Thumb Code    20  stm32f4xx_usart.o(.text)
    USART_SendData                           0x08001c9d   Thumb Code     8  stm32f4xx_usart.o(.text)
    USART_ReceiveData                        0x08001ca5   Thumb Code     8  stm32f4xx_usart.o(.text)
    USART_SetAddress                         0x08001cad   Thumb Code    16  stm32f4xx_usart.o(.text)
    USART_ReceiverWakeUpCmd                  0x08001cbd   Thumb Code    20  stm32f4xx_usart.o(.text)
    USART_WakeUpConfig                       0x08001cd1   Thumb Code    16  stm32f4xx_usart.o(.text)
    USART_LINBreakDetectLengthConfig         0x08001ce1   Thumb Code    16  stm32f4xx_usart.o(.text)
    USART_LINCmd                             0x08001cf1   Thumb Code    20  stm32f4xx_usart.o(.text)
    USART_SendBreak                          0x08001d05   Thumb Code    10  stm32f4xx_usart.o(.text)
    USART_HalfDuplexCmd                      0x08001d0f   Thumb Code    20  stm32f4xx_usart.o(.text)
    USART_SetGuardTime                       0x08001d23   Thumb Code    16  stm32f4xx_usart.o(.text)
    USART_SmartCardCmd                       0x08001d33   Thumb Code    20  stm32f4xx_usart.o(.text)
    USART_SmartCardNACKCmd                   0x08001d47   Thumb Code    20  stm32f4xx_usart.o(.text)
    USART_IrDAConfig                         0x08001d5b   Thumb Code    16  stm32f4xx_usart.o(.text)
    USART_IrDACmd                            0x08001d6b   Thumb Code    20  stm32f4xx_usart.o(.text)
    USART_DMACmd                             0x08001d7f   Thumb Code    16  stm32f4xx_usart.o(.text)
    USART_ITConfig                           0x08001d8f   Thumb Code    48  stm32f4xx_usart.o(.text)
    USART_GetFlagStatus                      0x08001dbf   Thumb Code    14  stm32f4xx_usart.o(.text)
    USART_ClearFlag                          0x08001dcd   Thumb Code     6  stm32f4xx_usart.o(.text)
    USART_GetITStatus                        0x08001dd3   Thumb Code    62  stm32f4xx_usart.o(.text)
    USART_ClearITPendingBit                  0x08001e11   Thumb Code    12  stm32f4xx_usart.o(.text)
    vListInitialise                          0x08001e3d   Thumb Code    22  list.o(.text)
    vListInitialiseItem                      0x08001e53   Thumb Code     6  list.o(.text)
    vListInsertEnd                           0x08001e59   Thumb Code    24  list.o(.text)
    vListInsert                              0x08001e71   Thumb Code    48  list.o(.text)
    uxListRemove                             0x08001ea1   Thumb Code    36  list.o(.text)
    xQueueGenericReset                       0x08001ec5   Thumb Code   128  queue.o(.text)
    xQueueGenericCreate                      0x08001f45   Thumb Code    82  queue.o(.text)
    xQueueGenericSend                        0x080020e5   Thumb Code   350  queue.o(.text)
    xQueueCreateMutex                        0x08002243   Thumb Code    36  queue.o(.text)
    xQueueGiveMutexRecursive                 0x08002267   Thumb Code   110  queue.o(.text)
    xQueueGenericReceive                     0x080022fb   Thumb Code   356  queue.o(.text)
    xQueueTakeMutexRecursive                 0x0800245f   Thumb Code    68  queue.o(.text)
    xQueueCreateCountingSemaphore            0x080024a3   Thumb Code    62  queue.o(.text)
    xQueueGenericSendFromISR                 0x080024e1   Thumb Code   200  queue.o(.text)
    xQueueGiveFromISR                        0x080025a9   Thumb Code   172  queue.o(.text)
    xQueueReceiveFromISR                     0x08002655   Thumb Code   150  queue.o(.text)
    xQueuePeekFromISR                        0x080026eb   Thumb Code   114  queue.o(.text)
    uxQueueMessagesWaiting                   0x0800275d   Thumb Code    36  queue.o(.text)
    uxQueueSpacesAvailable                   0x08002781   Thumb Code    40  queue.o(.text)
    uxQueueMessagesWaitingFromISR            0x080027a9   Thumb Code    26  queue.o(.text)
    vQueueUnregisterQueue                    0x080027c3   Thumb Code    36  queue.o(.text)
    vQueueDelete                             0x080027e7   Thumb Code    38  queue.o(.text)
    uxQueueGetQueueNumber                    0x0800280d   Thumb Code     4  queue.o(.text)
    vQueueSetQueueNumber                     0x08002811   Thumb Code     4  queue.o(.text)
    ucQueueGetQueueType                      0x08002815   Thumb Code     6  queue.o(.text)
    xQueueIsQueueEmptyFromISR                0x0800281b   Thumb Code    34  queue.o(.text)
    xQueueIsQueueFullFromISR                 0x0800283d   Thumb Code    38  queue.o(.text)
    vQueueAddToRegistry                      0x08002863   Thumb Code    32  queue.o(.text)
    pcQueueGetName                           0x08002883   Thumb Code    34  queue.o(.text)
    vQueueWaitForMessageRestricted           0x080028a5   Thumb Code    68  queue.o(.text)
    xQueueCreateSet                          0x080028e9   Thumb Code     8  queue.o(.text)
    xQueueAddToSet                           0x080028f1   Thumb Code    34  queue.o(.text)
    xQueueRemoveFromSet                      0x08002913   Thumb Code    34  queue.o(.text)
    xQueueSelectFromSet                      0x08002935   Thumb Code    18  queue.o(.text)
    xQueueSelectFromSetFromISR               0x08002947   Thumb Code    18  queue.o(.text)
    xTaskCreate                              0x08002a3d   Thumb Code    86  tasks.o(.text)
    vTaskDelete                              0x08002a93   Thumb Code   154  tasks.o(.text)
    xTaskIncrementTick                       0x08002b2d   Thumb Code   186  tasks.o(.text)
    xTaskResumeAll                           0x08002be7   Thumb Code   182  tasks.o(.text)
    vTaskSuspendAll                          0x08002d03   Thumb Code    10  tasks.o(.text)
    vTaskDelayUntil                          0x08002d0d   Thumb Code   192  tasks.o(.text)
    vTaskDelay                               0x08002dcd   Thumb Code    66  tasks.o(.text)
    eTaskGetState                            0x08002e0f   Thumb Code    94  tasks.o(.text)
    uxTaskPriorityGet                        0x08002e6d   Thumb Code    24  tasks.o(.text)
    uxTaskPriorityGetFromISR                 0x08002e85   Thumb Code    40  tasks.o(.text)
    vTaskPrioritySet                         0x08002ead   Thumb Code   184  tasks.o(.text)
    vTaskSwitchContext                       0x08002f65   Thumb Code    84  tasks.o(.text)
    vTaskSuspend                             0x08002fb9   Thumb Code   156  tasks.o(.text)
    vTaskResume                              0x08003085   Thumb Code   116  tasks.o(.text)
    xTaskResumeFromISR                       0x080030f9   Thumb Code   126  tasks.o(.text)
    vTaskStartScheduler                      0x08003195   Thumb Code   130  tasks.o(.text)
    vTaskEndScheduler                        0x08003217   Thumb Code    24  tasks.o(.text)
    xTaskGetTickCount                        0x0800322f   Thumb Code     6  tasks.o(.text)
    xTaskGetTickCountFromISR                 0x08003235   Thumb Code    12  tasks.o(.text)
    uxTaskGetNumberOfTasks                   0x08003241   Thumb Code     6  tasks.o(.text)
    pcTaskGetName                            0x08003247   Thumb Code    38  tasks.o(.text)
    vTaskGetInfo                             0x0800326d   Thumb Code   126  tasks.o(.text)
    uxTaskGetSystemState                     0x0800333f   Thumb Code   156  tasks.o(.text)
    vTaskPlaceOnEventList                    0x080033db   Thumb Code    46  tasks.o(.text)
    vTaskPlaceOnUnorderedEventList           0x08003409   Thumb Code    78  tasks.o(.text)
    vTaskPlaceOnEventListRestricted          0x08003457   Thumb Code    54  tasks.o(.text)
    xTaskRemoveFromEventList                 0x0800348d   Thumb Code   106  tasks.o(.text)
    xTaskRemoveFromUnorderedEventList        0x080034f7   Thumb Code   116  tasks.o(.text)
    vTaskSetTimeOutState                     0x0800356b   Thumb Code    34  tasks.o(.text)
    xTaskCheckForTimeOut                     0x0800358d   Thumb Code   114  tasks.o(.text)
    vTaskMissedYield                         0x080035ff   Thumb Code     8  tasks.o(.text)
    uxTaskGetTaskNumber                      0x08003607   Thumb Code     8  tasks.o(.text)
    vTaskSetTaskNumber                       0x0800360f   Thumb Code     8  tasks.o(.text)
    xTaskGetCurrentTaskHandle                0x08003617   Thumb Code     6  tasks.o(.text)
    xTaskGetSchedulerState                   0x0800361d   Thumb Code    22  tasks.o(.text)
    vTaskPriorityInherit                     0x08003633   Thumb Code   124  tasks.o(.text)
    xTaskPriorityDisinherit                  0x080036af   Thumb Code   144  tasks.o(.text)
    vTaskList                                0x0800373f   Thumb Code   188  tasks.o(.text)
    uxTaskResetEventItemValue                0x080037fb   Thumb Code    20  tasks.o(.text)
    pvTaskIncrementMutexHeldCount            0x0800380f   Thumb Code    18  tasks.o(.text)
    ulTaskNotifyTake                         0x08003821   Thumb Code    96  tasks.o(.text)
    xTaskNotifyWait                          0x08003881   Thumb Code   128  tasks.o(.text)
    xTaskGenericNotify                       0x08003901   Thumb Code   190  tasks.o(.text)
    xTaskGenericNotifyFromISR                0x080039bf   Thumb Code   256  tasks.o(.text)
    vTaskNotifyGiveFromISR                   0x08003abf   Thumb Code   168  tasks.o(.text)
    xTaskNotifyStateClear                    0x08003b67   Thumb Code    44  tasks.o(.text)
    xTimerGenericCommand                     0x08003d15   Thumb Code    98  timers.o(.text)
    xTimerCreateTimerTask                    0x08003e9d   Thumb Code    58  timers.o(.text)
    xTimerCreate                             0x08003ed7   Thumb Code    72  timers.o(.text)
    xTimerGetTimerDaemonTaskHandle           0x08003f1f   Thumb Code    24  timers.o(.text)
    xTimerGetPeriod                          0x08003f37   Thumb Code    22  timers.o(.text)
    xTimerGetExpiryTime                      0x08003f4d   Thumb Code    22  timers.o(.text)
    pcTimerGetName                           0x08003f63   Thumb Code    22  timers.o(.text)
    xTimerIsTimerActive                      0x08003f79   Thumb Code    40  timers.o(.text)
    pvTimerGetTimerID                        0x08003fa1   Thumb Code    32  timers.o(.text)
    vTimerSetTimerID                         0x08003fc1   Thumb Code    34  timers.o(.text)
    xTimerPendFunctionCallFromISR            0x08003fe3   Thumb Code    34  timers.o(.text)
    xTimerPendFunctionCall                   0x08004005   Thumb Code    60  timers.o(.text)
    main                                     0x08004215   Thumb Code    58  main.o(.text)
    NMI_Handler                              0x08004265   Thumb Code     2  stm32f4xx_it.o(.text)
    HardFault_Handler                        0x08004267   Thumb Code    18  stm32f4xx_it.o(.text)
    MemManage_Handler                        0x08004279   Thumb Code     2  stm32f4xx_it.o(.text)
    BusFault_Handler                         0x0800427b   Thumb Code     2  stm32f4xx_it.o(.text)
    UsageFault_Handler                       0x0800427d   Thumb Code     2  stm32f4xx_it.o(.text)
    DebugMon_Handler                         0x0800427f   Thumb Code     2  stm32f4xx_it.o(.text)
    USART1_IRQHandler                        0x08004281   Thumb Code     4  stm32f4xx_it.o(.text)
    USART3_IRQHandler                        0x08004285   Thumb Code     4  stm32f4xx_it.o(.text)
    UART4_IRQHandler                         0x08004289   Thumb Code     2  stm32f4xx_it.o(.text)
    DMA1_Stream2_IRQHandler                  0x0800428b   Thumb Code     4  stm32f4xx_it.o(.text)
    USART6_IRQHandler                        0x0800428f   Thumb Code     2  stm32f4xx_it.o(.text)
    DMA2_Stream1_IRQHandler                  0x08004291   Thumb Code     4  stm32f4xx_it.o(.text)
    TIM3_IRQHandler                          0x08004295   Thumb Code     4  stm32f4xx_it.o(.text)
    SystemInit                               0x0800434b   Thumb Code    74  system_stm32f4xx.o(.text)
    SystemCoreClockUpdate                    0x08004395   Thumb Code   108  system_stm32f4xx.o(.text)
    usart3_init                              0x08004425   Thumb Code   174  usart.o(.text)
    usart3_send                              0x080044d3   Thumb Code    42  usart.o(.text)
    usart3_SendStr                           0x080044fd   Thumb Code    26  usart.o(.text)
    usart3_irq                               0x08004517   Thumb Code   112  usart.o(.text)
    Usart3_Data_Executive                    0x08004587   Thumb Code   166  usart.o(.text)
    uart4_init                               0x0800462d   Thumb Code   154  usart.o(.text)
    DMA_UART4_Rx_Init                        0x080046c7   Thumb Code   138  usart.o(.text)
    uart4_dma_rx_irq                         0x08004751   Thumb Code   106  usart.o(.text)
    usart6_init                              0x080047bb   Thumb Code   286  usart.o(.text)
    DMA_USART6_Rx_Init                       0x080048d9   Thumb Code   130  usart.o(.text)
    usart6_dma_rx_irq                        0x0800495b   Thumb Code   102  usart.o(.text)
    debug_usart                              0x080049c1   Thumb Code     4  usart.o(.text)
    transparent_loop                         0x080049c5   Thumb Code   134  usart.o(.text)
    Enter_ec20_Transparent                   0x08004a89   Thumb Code    20  ec20.o(.text)
    Exit_ec20_Transparent                    0x08004a9d   Thumb Code    20  ec20.o(.text)
    Clear_Buffer                             0x08004ab1   Thumb Code    32  ec20.o(.text)
    EC20_Init_Transparent                    0x08004ad1   Thumb Code   612  ec20.o(.text)
    EC20_ReLink_Transparent                  0x08004d35   Thumb Code   180  ec20.o(.text)
    EC20_Send_Str                            0x08004de9   Thumb Code   548  ec20.o(.text)
    EC20Send_hexData_Transparent             0x0800500d   Thumb Code    82  ec20.o(.text)
    EC20Send_StrData_Transparent             0x0800505f   Thumb Code    16  ec20.o(.text)
    create_start_pack                        0x0800506f   Thumb Code   118  ec20.o(.text)
    create_heart_pack                        0x080050e5   Thumb Code    88  ec20.o(.text)
    EC20_PackSend_Data                       0x0800513d   Thumb Code   196  ec20.o(.text)
    ec20_loop                                0x08005201   Thumb Code    98  ec20.o(.text)
    Idle_task                                0x080052ed   Thumb Code     4  rtos.o(.text)
    Transparent_task                         0x080052f1   Thumb Code     4  rtos.o(.text)
    ec20_task                                0x080052f5   Thumb Code     4  rtos.o(.text)
    start_task                               0x080052f9   Thumb Code    90  rtos.o(.text)
    led_red_on                               0x08005385   Thumb Code    24  init.o(.text)
    led_green_on                             0x0800539d   Thumb Code    24  init.o(.text)
    len_off                                  0x080053b5   Thumb Code    24  init.o(.text)
    GPIO_Configuration                       0x080053cd   Thumb Code   234  init.o(.text)
    EXIT_PD3_Config                          0x080054b7   Thumb Code    70  init.o(.text)
    led_bat_control                          0x080054fd   Thumb Code   156  init.o(.text)
    change_1byte_to_2ascii                   0x080055a5   Thumb Code    42  ec20_usart.o(.text)
    changeTAB_bytes_to_ascii                 0x080055cf   Thumb Code    92  ec20_usart.o(.text)
    changeTAB_bytes_to_ascii_nohead          0x0800562b   Thumb Code    70  ec20_usart.o(.text)
    _sys_exit                                0x08005671   Thumb Code     2  ec20_usart.o(.text)
    fputc                                    0x08005673   Thumb Code    32  ec20_usart.o(.text)
    fgetc                                    0x08005693   Thumb Code    30  ec20_usart.o(.text)
    __backspace                              0x080056b1   Thumb Code     4  ec20_usart.o(.text)
    usart1_init                              0x080056b5   Thumb Code   184  ec20_usart.o(.text)
    EC20_USART_Config_Baud                   0x0800576d   Thumb Code    58  ec20_usart.o(.text)
    DMA_USART1_Tx_Init                       0x080057a7   Thumb Code   136  ec20_usart.o(.text)
    ec20_send_hex                            0x0800582f   Thumb Code    28  ec20_usart.o(.text)
    usart1_irq                               0x0800584b   Thumb Code    48  ec20_usart.o(.text)
    TIM3_Init                                0x0800589d   Thumb Code    88  time.o(.text)
    tim3_irq                                 0x080058f5   Thumb Code    70  time.o(.text)
    ADC_Configuration                        0x08005949   Thumb Code   116  idle_task.o(.text)
    getADC                                   0x080059bd   Thumb Code    32  idle_task.o(.text)
    getADC_avg                               0x080059dd   Thumb Code    32  idle_task.o(.text)
    getBatteryV                              0x080059fd   Thumb Code    24  idle_task.o(.text)
    show_battery                             0x08005a15   Thumb Code    46  idle_task.o(.text)
    idle_loop                                0x08005a43   Thumb Code    84  idle_task.o(.text)
    SysTick_Handler                          0x08005abd   Thumb Code    20  delay.o(.text)
    delay_init                               0x08005ad1   Thumb Code    48  delay.o(.text)
    delay_us                                 0x08005b01   Thumb Code    48  delay.o(.text)
    delay_ms                                 0x08005b31   Thumb Code    50  delay.o(.text)
    delay_xms                                0x08005b63   Thumb Code    26  delay.o(.text)
    pxPortInitialiseStack                    0x08005ba5   Thumb Code    40  port.o(.text)
    vPortSetupTimerInterrupt                 0x08005bcd   Thumb Code    24  port.o(.text)
    xPortStartScheduler                      0x08005be5   Thumb Code   196  port.o(.text)
    vPortEndScheduler                        0x08005ca9   Thumb Code    24  port.o(.text)
    vPortEnterCritical                       0x08005cc1   Thumb Code    52  port.o(.text)
    vPortExitCritical                        0x08005cf5   Thumb Code    34  port.o(.text)
    xPortSysTickHandler                      0x08005d17   Thumb Code    40  port.o(.text)
    vPortValidateInterruptPriority           0x08005d3f   Thumb Code    72  port.o(.text)
    pvPortMalloc                             0x08005e35   Thumb Code   214  heap_4.o(.text)
    vPortFree                                0x08005f0b   Thumb Code    96  heap_4.o(.text)
    xPortGetFreeHeapSize                     0x08005f6b   Thumb Code     8  heap_4.o(.text)
    xPortGetMinimumEverFreeHeapSize          0x08005f73   Thumb Code     8  heap_4.o(.text)
    vPortInitialiseBlocks                    0x08005f7b   Thumb Code     2  heap_4.o(.text)
    __aeabi_memcpy                           0x0800600d   Thumb Code    36  memcpya.o(.text)
    __aeabi_memcpy4                          0x0800600d   Thumb Code     0  memcpya.o(.text)
    __aeabi_memcpy8                          0x0800600d   Thumb Code     0  memcpya.o(.text)
    __aeabi_memset                           0x08006031   Thumb Code    14  memseta.o(.text)
    __aeabi_memset4                          0x08006031   Thumb Code     0  memseta.o(.text)
    __aeabi_memset8                          0x08006031   Thumb Code     0  memseta.o(.text)
    __aeabi_memclr                           0x0800603f   Thumb Code     4  memseta.o(.text)
    __aeabi_memclr4                          0x0800603f   Thumb Code     0  memseta.o(.text)
    __aeabi_memclr8                          0x0800603f   Thumb Code     0  memseta.o(.text)
    _memset$wrapper                          0x08006043   Thumb Code    18  memseta.o(.text)
    strstr                                   0x08006055   Thumb Code    36  strstr.o(.text)
    strncpy                                  0x08006079   Thumb Code    24  strncpy.o(.text)
    strlen                                   0x08006091   Thumb Code    14  strlen.o(.text)
    strcmp                                   0x0800609f   Thumb Code    28  strcmp.o(.text)
    strcpy                                   0x080060bb   Thumb Code    18  strcpy.o(.text)
    __0scanf                                 0x080060cd   Thumb Code    26  __0scanf.o(.text)
    __0sscanf                                0x080060ed   Thumb Code    48  __0sscanf.o(.text)
    _scanf_int                               0x08006125   Thumb Code   332  _scanf_int.o(.text)
    __aeabi_uidiv                            0x08006271   Thumb Code     0  uidiv.o(.text)
    __aeabi_uidivmod                         0x08006271   Thumb Code    44  uidiv.o(.text)
    _chval                                   0x0800629d   Thumb Code    28  _chval.o(.text)
    __vfscanf_char                           0x080062c5   Thumb Code    20  scanf_char.o(.text)
    _sgetc                                   0x080062e1   Thumb Code    30  _sgetc.o(.text)
    _sbackspace                              0x080062ff   Thumb Code    34  _sgetc.o(.text)
    __vfscanf_char_file                      0x08006321   Thumb Code    12  scanf_char_file.o(.text)
    __scatterload                            0x08006335   Thumb Code    28  init.o(.text)
    __scatterload_rt2                        0x08006335   Thumb Code     0  init.o(.text)
    isspace                                  0x08006359   Thumb Code    10  isspace_c.o(.text)
    __vfscanf                                0x08006365   Thumb Code   808  _scanf.o(.text)
    __ctype_lookup                           0x08006691   Thumb Code    34  ctype_c.o(.text)
    __0printf$6                              0x080066b9   Thumb Code    22  printf6.o(i.__0printf$6)
    __1printf$6                              0x080066b9   Thumb Code     0  printf6.o(i.__0printf$6)
    __2printf                                0x080066b9   Thumb Code     0  printf6.o(i.__0printf$6)
    __0sprintf$6                             0x080066d9   Thumb Code    34  printf6.o(i.__0sprintf$6)
    __1sprintf$6                             0x080066d9   Thumb Code     0  printf6.o(i.__0sprintf$6)
    __2sprintf                               0x080066d9   Thumb Code     0  printf6.o(i.__0sprintf$6)
    __scatterload_copy                       0x08006701   Thumb Code    14  handlers.o(i.__scatterload_copy)
    __scatterload_null                       0x0800670f   Thumb Code     2  handlers.o(i.__scatterload_null)
    __scatterload_zeroinit                   0x08006711   Thumb Code    14  handlers.o(i.__scatterload_zeroinit)
    ser_ip1_const                            0x08006a6c   Data          48  ec20.o(.constdata)
    ser_ip2_const                            0x08006a9c   Data          48  ec20.o(.constdata)
    ser_ip3_const                            0x08006acc   Data          48  ec20.o(.constdata)
    __ctype_categories                       0x08006afc   Data          64  ctype_c.o(.constdata)
    Region$$Table$$Base                      0x08006b3c   Number         0  anon$$obj.o(Region$$Table)
    Region$$Table$$Limit                     0x08006b5c   Number         0  anon$$obj.o(Region$$Table)
    pxCurrentTCB                             0x20000010   Data           4  tasks.o(.data)
    SystemCoreClock                          0x20000060   Data           4  system_stm32f4xx.o(.data)
    AHBPrescTable                            0x20000064   Data          16  system_stm32f4xx.o(.data)
    is_upstream_buf1_full                    0x20000074   Data           1  ec20.o(.data)
    is_upstream_buf2_full                    0x20000075   Data           1  ec20.o(.data)
    is_downstream_buf1_full                  0x20000076   Data           1  ec20.o(.data)
    is_downstream_buf2_full                  0x20000077   Data           1  ec20.o(.data)
    EC20_pack_sn                             0x20000078   Data           1  ec20.o(.data)
    EC20_packup_sn                           0x20000079   Data           1  ec20.o(.data)
    EC20_packdown_sn                         0x2000007a   Data           1  ec20.o(.data)
    server_id                                0x2000007b   Data           1  ec20.o(.data)
    EarthStation_ID                          0x2000007c   Data           2  ec20.o(.data)
    tmpcrc                                   0x2000007e   Data           2  ec20.o(.data)
    inValue                                  0x20000080   Data           4  ec20.o(.data)
    state_4g                                 0x20000084   Data           4  ec20.o(.data)
    StartTask_Handler                        0x20000088   Data           4  rtos.o(.data)
    EC20Task_Handler                         0x2000008c   Data           4  rtos.o(.data)
    TransparentTask_Handler                  0x20000090   Data           4  rtos.o(.data)
    IdleTask_Handler                         0x20000094   Data           4  rtos.o(.data)
    ITM_RxBuffer                             0x20000098   Data           4  ec20_usart.o(.data)
    usart_4g                                 0x2000009c   Data           8  ec20_usart.o(.data)
    __stdout                                 0x200000a4   Data           4  ec20_usart.o(.data)
    tim3_count                               0x200000a8   Data           4  time.o(.data)
    heartTime                                0x200000ac   Data           8  time.o(.data)
    serverLinkTime                           0x200000b4   Data           8  time.o(.data)
    batteryV                                 0x200000bc   Data           2  idle_task.o(.data)
    adcTime                                  0x200000c0   Data           8  idle_task.o(.data)
    __stdin                                  0x200000f0   Data           4  stdin.o(.data)
    xQueueRegistry                           0x200000f4   Data          64  queue.o(.bss)
    uart4_dma_rx                             0x20000440   Data          20  usart.o(.bss)
    usart6_dma_rx                            0x20000454   Data          20  usart.o(.bss)
    usart3_rx_stru                           0x20000468   Data         212  usart.o(.bss)
    ts_upstream_buf1                         0x2000053c   Data        8000  usart.o(.bss)
    ts_upstream_buf2                         0x2000247c   Data        8000  usart.o(.bss)
    ts_downstream_buf1                       0x200043bc   Data        8000  usart.o(.bss)
    ts_downstream_buf2                       0x200062fc   Data        8000  usart.o(.bss)
    transparent_tx_stru                      0x2000823c   Data         524  usart.o(.bss)
    Pack_start                               0x20008448   Data          60  ec20.o(.bss)
    Pack_heart                               0x20008484   Data          60  ec20.o(.bss)
    ec20_rx_buf                              0x200084c0   Data         256  ec20_usart.o(.bss)
    __initial_sp                             0x2000d9c0   Data           0  startup_stm32f40_41xxx.o(STACK)



==============================================================================

Memory Map of the image

  Image Entry point : 0x08000189

  Load Region LR_IROM1 (Base: 0x08000000, Size: 0x00006c50, Max: 0x00100000, ABSOLUTE)

    Execution Region ER_IROM1 (Base: 0x08000000, Size: 0x00006b5c, Max: 0x00100000, ABSOLUTE)

    Base Addr    Size         Type   Attr      Idx    E Section Name        Object

    0x08000000   0x00000188   Data   RO            3    RESET               startup_stm32f40_41xxx.o
    0x08000188   0x00000000   Code   RO         1129  * .ARM.Collect$$$$00000000  mc_w.l(entry.o)
    0x08000188   0x00000004   Code   RO         1415    .ARM.Collect$$$$00000001  mc_w.l(entry2.o)
    0x0800018c   0x00000004   Code   RO         1418    .ARM.Collect$$$$00000004  mc_w.l(entry5.o)
    0x08000190   0x00000000   Code   RO         1420    .ARM.Collect$$$$00000008  mc_w.l(entry7b.o)
    0x08000190   0x00000000   Code   RO         1422    .ARM.Collect$$$$0000000A  mc_w.l(entry8b.o)
    0x08000190   0x00000008   Code   RO         1423    .ARM.Collect$$$$0000000B  mc_w.l(entry9a.o)
    0x08000198   0x00000000   Code   RO         1425    .ARM.Collect$$$$0000000D  mc_w.l(entry10a.o)
    0x08000198   0x00000000   Code   RO         1427    .ARM.Collect$$$$0000000F  mc_w.l(entry11a.o)
    0x08000198   0x00000004   Code   RO         1416    .ARM.Collect$$$$00002712  mc_w.l(entry2.o)
    0x0800019c   0x000000b6   Code   RO         1069    .emb_text           port.o
    0x08000252   0x00000002   PAD
    0x08000254   0x00000024   Code   RO            4    .text               startup_stm32f40_41xxx.o
    0x08000278   0x000000b0   Code   RO           12    .text               misc.o
    0x08000328   0x00000354   Code   RO          137    .text               stm32f4xx_adc.o
    0x0800067c   0x00000320   Code   RO          197    .text               stm32f4xx_dma.o
    0x0800099c   0x000000e0   Code   RO          217    .text               stm32f4xx_exti.o
    0x08000a7c   0x0000020c   Code   RO          258    .text               stm32f4xx_gpio.o
    0x08000c88   0x00000480   Code   RO          318    .text               stm32f4xx_rcc.o
    0x08001108   0x000009dc   Code   RO          421    .text               stm32f4xx_tim.o
    0x08001ae4   0x00000358   Code   RO          442    .text               stm32f4xx_usart.o
    0x08001e3c   0x00000088   Code   RO          594    .text               list.o
    0x08001ec4   0x00000ab8   Code   RO          614    .text               queue.o
    0x0800297c   0x00001364   Code   RO          644    .text               tasks.o
    0x08003ce0   0x00000534   Code   RO          684    .text               timers.o
    0x08004214   0x00000050   Code   RO          707    .text               main.o
    0x08004264   0x00000044   Code   RO          750    .text               stm32f4xx_it.o
    0x080042a8   0x0000017c   Code   RO          781    .text               system_stm32f4xx.o
    0x08004424   0x00000664   Code   RO          807    .text               usart.o
    0x08004a88   0x00000864   Code   RO          855    .text               ec20.o
    0x080052ec   0x00000098   Code   RO          890    .text               rtos.o
    0x08005384   0x00000220   Code   RO          920    .text               init.o
    0x080055a4   0x000002f8   Code   RO          941    .text               ec20_usart.o
    0x0800589c   0x000000ac   Code   RO          979    .text               time.o
    0x08005948   0x00000174   Code   RO         1005    .text               idle_task.o
    0x08005abc   0x000000c4   Code   RO         1029    .text               delay.o
    0x08005b80   0x0000026c   Code   RO         1070    .text               port.o
    0x08005dec   0x00000220   Code   RO         1108    .text               heap_4.o
    0x0800600c   0x00000024   Code   RO         1132    .text               mc_w.l(memcpya.o)
    0x08006030   0x00000024   Code   RO         1134    .text               mc_w.l(memseta.o)
    0x08006054   0x00000024   Code   RO         1136    .text               mc_w.l(strstr.o)
    0x08006078   0x00000018   Code   RO         1138    .text               mc_w.l(strncpy.o)
    0x08006090   0x0000000e   Code   RO         1140    .text               mc_w.l(strlen.o)
    0x0800609e   0x0000001c   Code   RO         1142    .text               mc_w.l(strcmp.o)
    0x080060ba   0x00000012   Code   RO         1144    .text               mc_w.l(strcpy.o)
    0x080060cc   0x00000020   Code   RO         1409    .text               mc_w.l(__0scanf.o)
    0x080060ec   0x00000038   Code   RO         1411    .text               mc_w.l(__0sscanf.o)
    0x08006124   0x0000014c   Code   RO         1413    .text               mc_w.l(_scanf_int.o)
    0x08006270   0x0000002c   Code   RO         1430    .text               mc_w.l(uidiv.o)
    0x0800629c   0x0000001c   Code   RO         1434    .text               mc_w.l(_chval.o)
    0x080062b8   0x00000028   Code   RO         1436    .text               mc_w.l(scanf_char.o)
    0x080062e0   0x00000040   Code   RO         1438    .text               mc_w.l(_sgetc.o)
    0x08006320   0x00000014   Code   RO         1440    .text               mc_w.l(scanf_char_file.o)
    0x08006334   0x00000024   Code   RO         1453    .text               mc_w.l(init.o)
    0x08006358   0x0000000a   Code   RO         1461    .text               mc_w.l(isspace_c.o)
    0x08006362   0x00000002   PAD
    0x08006364   0x0000032c   Code   RO         1463    .text               mc_w.l(_scanf.o)
    0x08006690   0x00000028   Code   RO         1467    .text               mc_w.l(ctype_c.o)
    0x080066b8   0x00000020   Code   RO         1303    i.__0printf$6       mc_w.l(printf6.o)
    0x080066d8   0x00000028   Code   RO         1305    i.__0sprintf$6      mc_w.l(printf6.o)
    0x08006700   0x0000000e   Code   RO         1472    i.__scatterload_copy  mc_w.l(handlers.o)
    0x0800670e   0x00000002   Code   RO         1473    i.__scatterload_null  mc_w.l(handlers.o)
    0x08006710   0x0000000e   Code   RO         1474    i.__scatterload_zeroinit  mc_w.l(handlers.o)
    0x0800671e   0x00000002   PAD
    0x08006720   0x000002f0   Code   RO         1310    i._printf_core      mc_w.l(printf6.o)
    0x08006a10   0x00000024   Code   RO         1311    i._printf_post_padding  mc_w.l(printf6.o)
    0x08006a34   0x0000002e   Code   RO         1312    i._printf_pre_padding  mc_w.l(printf6.o)
    0x08006a62   0x0000000a   Code   RO         1314    i._sputc            mc_w.l(printf6.o)
    0x08006a6c   0x00000090   Data   RO          857    .constdata          ec20.o
    0x08006afc   0x00000040   Data   RO         1468    .constdata          mc_w.l(ctype_c.o)
    0x08006b3c   0x00000020   Data   RO         1470    Region$$Table       anon$$obj.o


    Execution Region RW_IRAM2 (Base: 0x10000000, Size: 0x00000000, Max: 0x00010000, ABSOLUTE)

    **** No section assigned to this execution region ****


    Execution Region RW_IRAM1 (Base: 0x20000000, Size: 0x0000d9c0, Max: 0x00020000, ABSOLUTE)

    Base Addr    Size         Type   Attr      Idx    E Section Name        Object

    0x20000000   0x00000010   Data   RW          319    .data               stm32f4xx_rcc.o
    0x20000010   0x0000003c   Data   RW          646    .data               tasks.o
    0x2000004c   0x00000014   Data   RW          686    .data               timers.o
    0x20000060   0x00000014   Data   RW          782    .data               system_stm32f4xx.o
    0x20000074   0x00000014   Data   RW          858    .data               ec20.o
    0x20000088   0x00000010   Data   RW          891    .data               rtos.o
    0x20000098   0x0000000c   Data   RW          943    .data               ec20_usart.o
    0x200000a4   0x00000004   Data   RW          944    .data               ec20_usart.o
    0x200000a8   0x00000014   Data   RW          980    .data               time.o
    0x200000bc   0x0000000c   Data   RW         1006    .data               idle_task.o
    0x200000c8   0x00000004   Data   RW         1030    .data               delay.o
    0x200000cc   0x0000000c   Data   RW         1071    .data               port.o
    0x200000d8   0x00000018   Data   RW         1110    .data               heap_4.o
    0x200000f0   0x00000004   Data   RW         1429    .data               mc_w.l(stdin.o)
    0x200000f4   0x00000040   Zero   RW          615    .bss                queue.o
    0x20000134   0x000002e4   Zero   RW          645    .bss                tasks.o
    0x20000418   0x00000028   Zero   RW          685    .bss                timers.o
    0x20000440   0x00007dfc   Zero   RW          808    .bss                usart.o
    0x2000823c   0x0000020c   Zero   RW          809    .bss                usart.o
    0x20008448   0x00000078   Zero   RW          856    .bss                ec20.o
    0x200084c0   0x00000100   Zero   RW          942    .bss                ec20_usart.o
    0x200085c0   0x00005000   Zero   RW         1109    .bss                heap_4.o
    0x2000d5c0   0x00000400   Zero   RW            1    STACK               startup_stm32f40_41xxx.o


==============================================================================

Image component sizes


      Code (inc. data)   RO Data    RW Data    ZI Data      Debug   Object Name

         0          0          0          0          0      10856   croutine.o
       196          4          0          4          0       1785   delay.o
      2148        540        144         20        120       6842   ec20.o
       760         34          0         16        256      32451   ec20_usart.o
         0          0          0          0          0      11952   event_groups.o
       544         78          0         24      20480       3684   heap_4.o
       372         38          0         12          0       2554   idle_task.o
       544         18          0          0          0       2071   init.o
       136          0          0          0          0       2050   list.o
        80         22          0          0          0       1383   main.o
       176         12          0          0          0     312485   misc.o
       802        118          0         12          0       8497   port.o
      2744         64          0          0         64      19912   queue.o
       152         50          0         16          0       1376   rtos.o
        36          8        392          0       1024        880   startup_stm32f40_41xxx.o
       852         20          0          0          0      10986   stm32f4xx_adc.o
       800         32          0          0          0       7033   stm32f4xx_dma.o
       224         10          0          0          0       2467   stm32f4xx_exti.o
       524         44          0          0          0       4541   stm32f4xx_gpio.o
        68         16          0          0          0       1826   stm32f4xx_it.o
      1152         48          0         16          0      13424   stm32f4xx_rcc.o
      2524         52          0          0          0      24066   stm32f4xx_tim.o
       856         32          0          0          0       8360   stm32f4xx_usart.o
       380         36          0         20          0       1995   system_stm32f4xx.o
      4964        204          0         60        740      33746   tasks.o
       172         14          0         20          0       1175   time.o
      1332        152          0         20         40       9280   timers.o
      1636        192          0          0      32776       6919   usart.o

    ----------------------------------------------------------------------
     24176       1838        568        240      55500     544596   Object Totals
         0          0         32          0          0          0   (incl. Generated)
         2          0          0          0          0          0   (incl. Padding)

    ----------------------------------------------------------------------

      Code (inc. data)   RO Data    RW Data    ZI Data      Debug   Library Member Name

        32          6          0          0          0         84   __0scanf.o
        56          8          0          0          0         84   __0sscanf.o
        28          0          0          0          0         68   _chval.o
       812          4          0          0          0        112   _scanf.o
       332          0          0          0          0         96   _scanf_int.o
        64          0          0          0          0         84   _sgetc.o
        40          6         64          0          0         68   ctype_c.o
         0          0          0          0          0          0   entry.o
         0          0          0          0          0          0   entry10a.o
         0          0          0          0          0          0   entry11a.o
         8          4          0          0          0          0   entry2.o
         4          0          0          0          0          0   entry5.o
         0          0          0          0          0          0   entry7b.o
         0          0          0          0          0          0   entry8b.o
         8          4          0          0          0          0   entry9a.o
        30          0          0          0          0          0   handlers.o
        36          8          0          0          0         68   init.o
        10          0          0          0          0         68   isspace_c.o
        36          0          0          0          0         68   memcpya.o
        36          0          0          0          0        108   memseta.o
       916         20          0          0          0        504   printf6.o
        40          8          0          0          0         84   scanf_char.o
        20          8          0          0          0         68   scanf_char_file.o
         0          0          0          4          0          0   stdin.o
        28          0          0          0          0         76   strcmp.o
        18          0          0          0          0         68   strcpy.o
        14          0          0          0          0         68   strlen.o
        24          0          0          0          0         76   strncpy.o
        36          0          0          0          0         80   strstr.o
        44          0          0          0          0         80   uidiv.o

    ----------------------------------------------------------------------
      2676         76         64          4          0       2012   Library Totals
         4          0          0          0          0          0   (incl. Padding)

    ----------------------------------------------------------------------

      Code (inc. data)   RO Data    RW Data    ZI Data      Debug   Library Name

      2672         76         64          4          0       2012   mc_w.l

    ----------------------------------------------------------------------
      2676         76         64          4          0       2012   Library Totals

    ----------------------------------------------------------------------

==============================================================================


      Code (inc. data)   RO Data    RW Data    ZI Data      Debug   

     26852       1914        632        244      55500     538920   Grand Totals
     26852       1914        632        244      55500     538920   ELF Image Totals
     26852       1914        632        244          0          0   ROM Totals

==============================================================================

    Total RO  Size (Code + RO Data)                27484 (  26.84kB)
    Total RW  Size (RW Data + ZI Data)             55744 (  54.44kB)
    Total ROM Size (Code + RO Data + RW Data)      27728 (  27.08kB)

==============================================================================

