<html>
<body>
<pre>
<h1>µVision Build Log</h1>
<h2>Tool Versions:</h2>
IDE-Version: µVision V5.29.0.0
Copyright (C) 2019 ARM Ltd and ARM Germany GmbH. All rights reserved.
License Information: 1 1, 1, LIC=7YKZ9-48BBN-HR8XN-YYEPK-QH6EA-8R8D6
 
Tool Versions:
Toolchain:       MDK-ARM Professional  Version: 5.29.0.0
Toolchain Path:  C:\Program Files (x86)\Keil_v529\ARM\ARMCC\Bin
C Compiler:      Armcc.exe V5.06 update 6 (build 750)
Assembler:       Armasm.exe V5.06 update 6 (build 750)
Linker/Locator:  ArmLink.exe V5.06 update 6 (build 750)
Library Manager: ArmAr.exe V5.06 update 6 (build 750)
Hex Converter:   FromElf.exe V5.06 update 6 (build 750)
CPU DLL:         SARMCM3.DLL V5.29.0.0
Dialog DLL:      DCM.DLL V1.17.3.0
Target DLL:      UL2CM3.DLL V1.163.0.0
Dialog DLL:      TCM.DLL V1.36.5.0
 
<h2>Project:</h2>
C:\_work\Techx\_project\003 EarthStation\program\stm32F4-TEST\USER\EarthStation4G.uvprojx
Project File Date:  05/08/2020

<h2>Output:</h2>
*** Using Compiler 'V5.06 update 6 (build 750)', folder: 'C:\Program Files (x86)\Keil_v529\ARM\ARMCC\Bin'
Build target 'GTS2-TEST-01'
compiling ec20.c...
..\SOURCE\ec20.c(116): warning:  #167-D: argument of type "u8 *" is incompatible with parameter of type "char *"
        usart3_SendStr(buf);
..\SOURCE\ec20.c(294): warning:  #167-D: argument of type "u8 *" is incompatible with parameter of type "char *"
                usart3_SendStr((u8 *)ser_p);
..\SOURCE\ec20.c(346): warning:  #167-D: argument of type "u8 *" is incompatible with parameter of type "char *"
                usart3_SendStr((u8 *)ser_p);
..\SOURCE\ec20.c(421): warning:  #177-D: variable "crc1"  was declared but never referenced
        u8 asc1 = 0,crc1,crc2;
..\SOURCE\ec20.c(421): warning:  #177-D: variable "crc2"  was declared but never referenced
        u8 asc1 = 0,crc1,crc2;
..\SOURCE\ec20.c(730): warning:  #111-D: statement is unreachable
        printf("ATE0\r\n");
..\SOURCE\ec20.c: 6 warnings, 0 errors
linking...
Program Size: Code=34436 RO-data=632 RW-data=588 ZI-data=59396  
FromELF: creating hex file...
".\Objects\EarthStation4G.axf" - 0 Error(s), 6 Warning(s).

<h2>Software Packages used:</h2>

Package Vendor: Keil
                http://www.keil.com/pack/Keil.STM32F4xx_DFP.2.14.0.pack
                Keil.STM32F4xx_DFP.2.14.0
                STMicroelectronics STM32F4 Series Device Support, Drivers and Examples

<h2>Collection of Component include folders:</h2>
  .\RTE\_GTS2-TEST-01
  C:\Program Files (x86)\Keil_v529\ARM\PACK\Keil\STM32F4xx_DFP\2.14.0\Drivers\CMSIS\Device\ST\STM32F4xx\Include

<h2>Collection of Component Files used:</h2>
Build Time Elapsed:  00:00:01
</pre>
</body>
</html>
